=== t579b start 23:45:00 ===
done 2026-06-15 t579b rc=0
done 2026-06-16 t579b rc=0
done 2026-06-23 t579b rc=0
done 2026-06-22 t579b rc=0
done 2026-06-25 t579b rc=0
done 2026-06-24 t579b rc=0
done 2026-06-29 t579b rc=0
done 2026-06-30 t579b rc=0
done 2026-07-01 t579b rc=0
done 2026-07-02 t579b rc=0
done 2026-07-07 t579b rc=0
done 2026-07-06 t579b rc=0
done 2026-07-08 t579b rc=0
done 2026-07-09 t579b rc=0
done 2026-07-13 t579b rc=0
done 2026-07-14 t579b rc=0
done 2026-07-15 t579b rc=0
done 2026-07-16 t579b rc=0
done 2026-07-17 t579b rc=0
done 2026-07-20 t579b rc=0
done 2026-07-21 t579b rc=0
done 2026-07-27 t579b rc=0
done 2026-07-23 t579b rc=0
done 2026-07-30 t579b rc=0
done 2026-07-31 t579b rc=0
done 2026-08-03 t579b rc=0
done 2026-08-05 t579b rc=0
done 2026-08-06 t579b rc=0
done 2026-08-07 t579b rc=1
done 2026-08-10 t579b rc=0
done 2026-08-11 t579b rc=0
done 2026-08-13 t579b rc=0
done 2026-08-12 t579b rc=0
done 2026-08-14 t579b rc=0
done 2026-08-17 t579b rc=0
done 2026-08-18 t579b rc=0
done 2026-08-19 t579b rc=0
done 2026-08-20 t579b rc=0
done 2026-08-21 t579b rc=0
done 2026-08-24 t579b rc=0
done 2026-08-26 t579b rc=0
done 2026-08-25 t579b rc=0
done 2026-08-27 t579b rc=0
done 2026-08-28 t579b rc=0
done 2026-08-31 t579b rc=0
done 2026-09-01 t579b rc=0
done 2026-09-02 t579b rc=0
done 2026-09-03 t579b rc=0
done 2026-09-04 t579b rc=0
done 2026-09-09 t579b rc=0
done 2026-09-08 t579b rc=0
done 2026-09-10 t579b rc=0
done 2026-09-11 t579b rc=0
done 2026-09-14 t579b rc=0
done 2026-09-15 t579b rc=0
done 2026-09-18 t579b rc=0
done 2026-09-21 t579b rc=0
done 2026-09-22 t579b rc=0
done 2026-09-23 t579b rc=0
done 2026-09-24 t579b rc=0
done 2026-09-25 t579b rc=0
done 2026-09-28 t579b rc=0
done 2026-09-29 t579b rc=0
done 2026-09-30 t579b rc=0
done 2026-10-01 t579b rc=0
done 2026-10-02 t579b rc=0
done 2026-10-05 t579b rc=0
done 2026-10-06 t579b rc=0
ALL DONE t579b Fri Oct  9 00:00:23 IDT 2026
--- t579b vs t567ref ---
t579b vs t567ref: 67 sessions · t567ref Σ+2670.50$ · t579b Σ+2570.50$ · Δ -100.00$ gross, ≈-105.20$ net of +2 round-trips · better 1 / worse 1 / same 65
by month Δ: 2026-06 -118 (8d) · 2026-07 +18 (17d) · 2026-08 +0 (19d) · 2026-09 +0 (19d) · 2026-10 +0 (4d)
trades: added 4 (wins 2, Σ-3.75$) · removed 2 (Σ+96.25$) · the rest of Δ is changed exits/targets of the same trades
2026-06-15 Δ  -117.50   (ref  +191.25 →   +73.75)
2026-07-21 Δ   +17.50   (ref   -13.75 →    +3.75)
sessions 67 · Σ Δ -100.00 gross · holdout-10 (2026-09-23..2026-10-06) Δ +0.00 · better 1 / worse 1 / same 65
months: 2026-06 -118 · 2026-07 +18 · 2026-08 +0 · 2026-09 +0 · 2026-10 +0
mechanism: {'checked': 0, 'signals': 0, 'tightened': 0} · tightened trades: 0
=== t579b done 00:00:25 ===
