{
 "raw_records": {
  "blocked": 1411,
  "presend": 30,
  "policy_shadow": 48,
  "live": 30,
  "slot": 69
 },
 "n_dedup": 486,
 "kinds": {
  "blocked": 343,
  "presend": 30,
  "policy_shadow": 14,
  "live": 30,
  "slot": 69
 },
 "blocked_by": {
  "awaiting_release": 114,
  "lsma_flat": 18,
  "rr_entry_gate": 11,
  "direction_context": 5,
  "daytype_playbook": 50,
  "rr_hard_floor": 12,
  "structural_targets_wrong_side": 6,
  "cont_trend_filter": 9,
  "entry_not_confirmed": 18,
  "eod_entry_cutoff": 35,
  "location_gate": 12,
  "direction_compass": 5,
  "cold_start_guard": 2,
  "duplicate_fire": 3,
  "cluster_guard": 2,
  "news_blackout": 2,
  "pattern_stop_cooldown": 2,
  "session_gate_closed": 3,
  "entry_location_quality": 33,
  "extreme_chase_guard": 1
 },
 "no_levels": {
  "blocked/lsma_flat": 2,
  "policy_shadow/None": 14,
  "blocked/rr_entry_gate": 2,
  "blocked/direction_context": 2,
  "blocked/rr_hard_floor": 2,
  "blocked/structural_targets_wrong_side": 1,
  "blocked/cont_trend_filter": 2,
  "blocked/entry_not_confirmed": 1,
  "blocked/eod_entry_cutoff": 1
 },
 "release_fidelity": {
  "agree_blocked": 108,
  "replay_released_live_blocked": 6
 },
 "broker_day": {
  "2026-08-24": 0,
  "2026-08-25": 0,
  "2026-08-26": 118.75,
  "2026-08-27": 203.75,
  "2026-08-28": 437.5,
  "2026-08-31": -100.0,
  "2026-09-01": -240.0,
  "2026-09-02": 31.25,
  "2026-09-03": -283.75,
  "2026-09-04": -116.25
 },
 "broker_parents_day": {
  "2026-08-24": 0,
  "2026-08-25": 0,
  "2026-08-26": 48.75,
  "2026-08-27": 151.25,
  "2026-08-28": 388.75,
  "2026-08-31": -82.5,
  "2026-09-01": -240.0,
  "2026-09-02": 31.25,
  "2026-09-03": -283.75,
  "2026-09-04": -116.25
 }
}
calibration sim_day {'2026-08-24': 0.0, '2026-08-25': 0.0, '2026-08-26': 18.75, '2026-08-27': 200.0, '2026-08-28': 368.75, '2026-08-31': -73.75, '2026-09-01': -176.25, '2026-09-02': 221.25, '2026-09-03': -342.5, '2026-09-04': -18.75}
V0 {'2026-08-24': -223.75, '2026-08-25': 261.25, '2026-08-26': 16.25, '2026-08-27': -28.75, '2026-08-28': 328.75, '2026-08-31': -501.25, '2026-09-01': -138.75, '2026-09-02': 238.75, '2026-09-03': -475.0, '2026-09-04': -90.0} Σ10 -612.5 Σ8 -650.0 {'n': 39, 'win_pct': 51.3, 'avg_win': 141.3, 'avg_loss': -181.0, 'max_loss_trade': -331.25, 'max_day_loss': -501.25, 'max_day_loss_date': '2026-08-31', 'days_halted': [], 'losing_streak': 4, 'by_tag': {'presend': 4, 'live': 22, 'slot': 13}, 'exit_reasons': {'STOP': 19, 'BE': 12, 'EOD': 2, 'T3': 6}} skips {'blocked': 343, 'slot': 89, 'policy_shadow': 14, 'pattern_stop_cooldown': 1}
V1 {'2026-08-24': -330.0, '2026-08-25': 261.25, '2026-08-26': 16.25, '2026-08-27': -28.75, '2026-08-28': 328.75, '2026-08-31': -101.25, '2026-09-01': 81.25, '2026-09-02': 318.75, '2026-09-03': -486.25, '2026-09-04': 297.5} Σ10 357.5 Σ8 426.25 {'n': 37, 'win_pct': 56.8, 'avg_win': 162.3, 'avg_loss': -190.6, 'max_loss_trade': -306.25, 'max_day_loss': -486.25, 'max_day_loss_date': '2026-09-03', 'days_halted': [], 'losing_streak': 2, 'by_tag': {'unblocked:awaiting_release': 8, 'presend': 4, 'live': 16, 'slot': 9}, 'exit_reasons': {'STOP': 16, 'BE': 12, 'EOD': 3, 'T3': 6}} skips {'slot': 106, 'blocked': 229, 'policy_shadow': 14, 'late:rr_entry_gate': 2, 'release_hold': 95, 'late:entry_not_confirmed': 2, 'pattern_stop_cooldown': 1}
V2 {'2026-08-24': -330.0, '2026-08-25': 261.25, '2026-08-26': 16.25, '2026-08-27': -28.75, '2026-08-28': 328.75, '2026-08-31': -101.25, '2026-09-01': 81.25, '2026-09-02': 318.75, '2026-09-03': 227.5, '2026-09-04': 297.5} Σ10 1071.25 Σ8 1140.0 {'n': 38, 'win_pct': 57.9, 'avg_win': 181.6, 'avg_loss': -182.8, 'max_loss_trade': -281.25, 'max_day_loss': -330.0, 'max_day_loss_date': '2026-08-24', 'days_halted': [], 'losing_streak': 2, 'by_tag': {'unblocked:awaiting_release': 7, 'presend': 4, 'live': 16, 'slot': 9, 'unblocked:entry_location_quality': 2}, 'exit_reasons': {'STOP': 16, 'BE': 12, 'EOD': 4, 'T3': 6}} skips {'slot': 107, 'blocked': 226, 'policy_shadow': 14, 'late:rr_entry_gate': 3, 'release_hold': 95, 'late:entry_not_confirmed': 2, 'pattern_stop_cooldown': 1}
V3 {'2026-08-24': -330.0, '2026-08-25': 261.25, '2026-08-26': 16.25, '2026-08-27': -28.75, '2026-08-28': 328.75, '2026-08-31': -101.25, '2026-09-01': 81.25, '2026-09-02': 318.75, '2026-09-03': 227.5, '2026-09-04': 297.5} Σ10 1071.25 Σ8 1140.0 {'n': 38, 'win_pct': 57.9, 'avg_win': 181.6, 'avg_loss': -182.8, 'max_loss_trade': -281.25, 'max_day_loss': -330.0, 'max_day_loss_date': '2026-08-24', 'days_halted': [], 'losing_streak': 2, 'by_tag': {'unblocked:awaiting_release': 7, 'presend': 4, 'live': 16, 'slot': 9, 'unblocked:entry_location_quality': 2}, 'exit_reasons': {'STOP': 16, 'BE': 12, 'EOD': 4, 'T3': 6}} skips {'slot': 108, 'blocked': 204, 'policy_shadow': 14, 'late:rr_entry_gate': 5, 'release_hold': 109, 'no_levels': 2, 'late:entry_not_confirmed': 3, 'late:rr_hard_floor': 2, 'pattern_stop_cooldown': 1}
V4 {'2026-08-24': -330.0, '2026-08-25': 261.25, '2026-08-26': 16.25, '2026-08-27': 206.25, '2026-08-28': 278.75, '2026-08-31': -101.25, '2026-09-01': 81.25, '2026-09-02': 292.5, '2026-09-03': 227.5, '2026-09-04': 297.5} Σ10 1230.0 Σ8 1298.75 {'n': 36, 'win_pct': 61.1, 'avg_win': 176.2, 'avg_loss': -189.1, 'max_loss_trade': -281.25, 'max_day_loss': -330.0, 'max_day_loss_date': '2026-08-24', 'days_halted': [], 'losing_streak': 2, 'by_tag': {'unblocked:awaiting_release': 7, 'presend': 4, 'live': 16, 'slot': 7, 'unblocked:entry_location_quality': 2}, 'exit_reasons': {'STOP': 14, 'BE': 13, 'EOD': 5, 'T3': 3, 'T2': 1}} skips {'slot': 110, 'blocked': 204, 'policy_shadow': 14, 'late:rr_entry_gate': 5, 'release_hold': 109, 'no_levels': 2, 'late:entry_not_confirmed': 3, 'late:rr_hard_floor': 2, 'pattern_stop_cooldown': 1}
V0-livebase {'2026-08-24': 0, '2026-08-25': 0, '2026-08-26': 16.25, '2026-08-27': 248.75, '2026-08-28': 503.75, '2026-08-31': -132.5, '2026-09-01': -138.75, '2026-09-02': 48.75, '2026-09-03': -475.0, '2026-09-04': -18.75} Σ10 52.5 Σ8 52.5 {'n': 27, 'win_pct': 55.6, 'avg_win': 150.9, 'avg_loss': -184.3, 'max_loss_trade': -331.25, 'max_day_loss': -475.0, 'max_day_loss_date': '2026-09-03', 'days_halted': [], 'losing_streak': 3, 'by_tag': {'live': 27}, 'exit_reasons': {'STOP': 12, 'T3': 5, 'BE': 10}} skips {'blocked': 343, 'presend': 30, 'policy_shadow': 14, 'slot': 72}
V1-livebase {'2026-08-24': -86.25, '2026-08-25': 0, '2026-08-26': 16.25, '2026-08-27': 248.75, '2026-08-28': 503.75, '2026-08-31': 263.75, '2026-09-01': 81.25, '2026-09-02': 128.75, '2026-09-03': -486.25, '2026-09-04': 297.5} Σ10 967.5 Σ8 1053.75 {'n': 27, 'win_pct': 63.0, 'avg_win': 166.5, 'avg_loss': -186.4, 'max_loss_trade': -306.25, 'max_day_loss': -486.25, 'max_day_loss_date': '2026-09-03', 'days_halted': [], 'losing_streak': 2, 'by_tag': {'unblocked:awaiting_release': 9, 'live': 18}, 'exit_reasons': {'STOP': 10, 'EOD': 3, 'T3': 5, 'BE': 9}} skips {'presend': 30, 'blocked': 229, 'policy_shadow': 14, 'late:rr_entry_gate': 2, 'release_hold': 95, 'slot': 87, 'late:entry_not_confirmed': 2}
V2-livebase {'2026-08-24': -86.25, '2026-08-25': 0, '2026-08-26': 16.25, '2026-08-27': 248.75, '2026-08-28': 503.75, '2026-08-31': 263.75, '2026-09-01': 81.25, '2026-09-02': 128.75, '2026-09-03': 227.5, '2026-09-04': 297.5} Σ10 1681.25 Σ8 1767.5 {'n': 28, 'win_pct': 64.3, 'avg_win': 190.0, 'avg_loss': -173.9, 'max_loss_trade': -250.0, 'max_day_loss': -86.25, 'max_day_loss_date': '2026-08-24', 'days_halted': [], 'losing_streak': 2, 'by_tag': {'unblocked:awaiting_release': 8, 'live': 18, 'unblocked:entry_location_quality': 2}, 'exit_reasons': {'STOP': 10, 'EOD': 4, 'T3': 5, 'BE': 9}} skips {'presend': 30, 'blocked': 226, 'policy_shadow': 14, 'late:rr_entry_gate': 3, 'release_hold': 95, 'slot': 88, 'late:entry_not_confirmed': 2}
V3-livebase {'2026-08-24': -86.25, '2026-08-25': 0, '2026-08-26': 16.25, '2026-08-27': 248.75, '2026-08-28': 503.75, '2026-08-31': 263.75, '2026-09-01': 81.25, '2026-09-02': 128.75, '2026-09-03': 227.5, '2026-09-04': 297.5} Σ10 1681.25 Σ8 1767.5 {'n': 28, 'win_pct': 64.3, 'avg_win': 190.0, 'avg_loss': -173.9, 'max_loss_trade': -250.0, 'max_day_loss': -86.25, 'max_day_loss_date': '2026-08-24', 'days_halted': [], 'losing_streak': 2, 'by_tag': {'unblocked:awaiting_release': 8, 'live': 18, 'unblocked:entry_location_quality': 2}, 'exit_reasons': {'STOP': 10, 'EOD': 4, 'T3': 5, 'BE': 9}} skips {'presend': 30, 'blocked': 204, 'policy_shadow': 14, 'late:rr_entry_gate': 5, 'release_hold': 109, 'no_levels': 2, 'slot': 89, 'late:entry_not_confirmed': 3, 'late:rr_hard_floor': 2}
V4-livebase {'2026-08-24': -86.25, '2026-08-25': 0, '2026-08-26': 16.25, '2026-08-27': 206.25, '2026-08-28': 453.75, '2026-08-31': 263.75, '2026-09-01': 81.25, '2026-09-02': 128.75, '2026-09-03': 227.5, '2026-09-04': 297.5} Σ10 1588.75 Σ8 1675.0 {'n': 28, 'win_pct': 64.3, 'avg_win': 184.9, 'avg_loss': -173.9, 'max_loss_trade': -250.0, 'max_day_loss': -86.25, 'max_day_loss_date': '2026-08-24', 'days_halted': [], 'losing_streak': 2, 'by_tag': {'unblocked:awaiting_release': 8, 'live': 18, 'unblocked:entry_location_quality': 2}, 'exit_reasons': {'STOP': 10, 'EOD': 5, 'T3': 3, 'BE': 9, 'T2': 1}} skips {'presend': 30, 'blocked': 204, 'policy_shadow': 14, 'late:rr_entry_gate': 5, 'release_hold': 109, 'no_levels': 2, 'slot': 89, 'late:entry_not_confirmed': 3, 'late:rr_hard_floor': 2}
GATE policy:awaiting_release {'n_blocked': 114, 'n_entered': 8, 'delta': 970.0, 'added_pnl': -76.25, 'filtered': {'late:rr_entry_gate': 2, 'release_hold': 95, 'late:entry_not_confirmed': 2}, 'added': ['08-24 08:30 VEGAS LONG -106.25 STOP', '08-31 10:55 REACTIVE_LONG LONG -281.25 STOP', '08-31 11:30 ZLR LONG +200.00 EOD', '09-01 13:05 ZLR SHORT +220.00 BE', '09-02 08:30 DALTON_EDGE_SHORT SHORT +80.00 BE', '09-03 09:15 VA_FADE_LONG LONG -180.00 STOP', '09-03 12:10 GB100 SHORT -306.25 STOP', '09-04 08:45 FAILED_BREAK_SHORT SHORT +297.50 EOD']}
GATE policy:daytype_playbook {'n_blocked': 50, 'n_entered': 1, 'delta': 112.5, 'added_pnl': 112.5, 'filtered': {'release_hold': 47}, 'added': ['09-01 12:55 ZLR SHORT +112.50 BE']}
GATE policy:eod_entry_cutoff {'n_blocked': 35, 'n_entered': 1, 'delta': 0.0, 'added_pnl': 0.0, 'filtered': {'no_levels': 1, 'release_hold': 30}, 'added': ['09-02 14:15 REACTIVE_LONG LONG +0.00 EOD']}
GATE policy:entry_location_quality {'n_blocked': 33, 'n_entered': 3, 'delta': -8.75, 'added_pnl': -105.0, 'filtered': {'release_hold': 28, 'late:rr_hard_floor': 1}, 'added': ['09-03 08:35 FAILED_BREAK_LONG LONG -225.00 STOP', '09-03 10:20 INITIATIVE_LONG LONG +245.00 EOD', '09-04 10:00 INITIATIVE_SHORT SHORT -125.00 EOD']}
GATE policy:lsma_flat {'n_blocked': 18, 'n_entered': 0, 'delta': 0.0, 'added_pnl': 0.0, 'filtered': {'no_levels': 2, 'release_hold': 16}, 'added': []}
GATE policy:entry_not_confirmed {'n_blocked': 18, 'n_entered': 8, 'delta': -152.5, 'added_pnl': -446.25, 'filtered': {'no_levels': 1, 'late:rr_entry_gate': 3}, 'added': ['08-26 11:55 TREND_STEP SHORT -87.50 STOP', '08-26 14:10 INITIATIVE_LONG LONG +50.00 EOD', '08-27 12:30 TREND_STEP LONG -35.00 STOP', '08-28 11:30 TREND_STEP SHORT -225.00 STOP', '09-01 11:30 INITIATIVE_SHORT SHORT +188.75 T3', '09-01 13:55 TREND_STEP SHORT -87.50 STOP', '09-02 09:50 TREND_STEP LONG -93.75 STOP', '09-04 08:50 ZLR LONG -156.25 STOP']}
GATE policy:rr_hard_floor {'n_blocked': 12, 'n_entered': 0, 'delta': 0.0, 'added_pnl': 0.0, 'filtered': {'no_levels': 2, 'late:entry_not_confirmed': 4}, 'added': []}
GATE policy:location_gate {'n_blocked': 12, 'n_entered': 0, 'delta': 0.0, 'added_pnl': 0.0, 'filtered': {'release_hold': 8, 'late:rr_entry_gate': 2, 'late:rr_hard_floor': 2}, 'added': []}
GATE policy:rr_entry_gate {'n_blocked': 11, 'n_entered': 2, 'delta': 125.0, 'added_pnl': 125.0, 'filtered': {'no_levels': 2, 'late:entry_not_confirmed': 3}, 'added': ['09-01 10:30 ZLR LONG +87.50 T3', '09-02 14:09 ZLR LONG +37.50 EOD']}
GATE policy:cont_trend_filter {'n_blocked': 9, 'n_entered': 0, 'delta': 0.0, 'added_pnl': 0.0, 'filtered': {'no_levels': 2, 'release_hold': 7}, 'added': []}
GATE policy:structural_targets_wrong_side {'n_blocked': 6, 'n_entered': 1, 'delta': -66.25, 'added_pnl': -175.0, 'filtered': {'no_levels': 1, 'late:rr_entry_gate': 1}, 'added': ['08-27 11:45 INITIATIVE_LONG LONG -175.00 EOD']}
GATE policy:direction_context {'n_blocked': 5, 'n_entered': 0, 'delta': 0.0, 'added_pnl': 0.0, 'filtered': {'no_levels': 2, 'release_hold': 3}, 'added': []}
GATE policy:direction_compass {'n_blocked': 5, 'n_entered': 0, 'delta': 0.0, 'added_pnl': 0.0, 'filtered': {'release_hold': 5}, 'added': []}
GATE policy:duplicate_fire {'n_blocked': 3, 'n_entered': 0, 'delta': 0.0, 'added_pnl': 0.0, 'filtered': {'release_hold': 2, 'late:rr_entry_gate': 1}, 'added': []}
GATE policy:session_gate_closed {'n_blocked': 3, 'n_entered': 0, 'delta': 0.0, 'added_pnl': 0.0, 'filtered': {'release_hold': 3}, 'added': []}
GATE policy:cold_start_guard {'n_blocked': 2, 'n_entered': 0, 'delta': 0.0, 'added_pnl': 0.0, 'filtered': {'release_hold': 2}, 'added': []}
GATE policy:cluster_guard {'n_blocked': 2, 'n_entered': 1, 'delta': -168.75, 'added_pnl': -175.0, 'filtered': {}, 'added': ['08-31 11:40 S2_DELTA_DBL_SHORT SHORT -175.00 STOP']}
GATE policy:news_blackout {'n_blocked': 2, 'n_entered': 1, 'delta': -175.0, 'added_pnl': -175.0, 'filtered': {}, 'added': ['09-01 08:50 OPENING_DRIVE LONG -175.00 STOP']}
GATE policy:pattern_stop_cooldown {'n_blocked': 2, 'n_entered': 0, 'delta': 0.0, 'added_pnl': 0.0, 'filtered': {'release_hold': 2}, 'added': []}
GATE policy:extreme_chase_guard {'n_blocked': 1, 'n_entered': 1, 'delta': 332.5, 'added_pnl': 380.0, 'filtered': {}, 'added': ['09-04 09:10 GB100 SHORT +380.00 EOD']}
GATE policy:awaiting_release@min_hl=2(closed-bars) {'n_blocked': 114, 'n_entered': 3, 'delta': -403.75, 'added_pnl': -547.5, 'added': ['08-31 10:55 REACTIVE_LONG LONG -281.25 STOP', '09-01 14:05 FAMIR LONG +40.00 EOD', '09-03 12:10 GB100 SHORT -306.25 STOP']}
GATE policy:awaiting_release@ALL(no release check) {'n_blocked': 114, 'n_entered': 18, 'delta': 540.7, 'added_pnl': -285.55, 'added': ['08-24 08:30 VEGAS LONG -106.25 STOP', '08-24 13:15 GB100 LONG -85.00 EOD', '08-25 08:30 GB100 SHORT +432.50 EOD', '08-26 08:35 GB100 LONG -265.00 STOP', '08-26 12:15 INITIATIVE_LONG LONG +415.00 EOD', '08-28 08:40 ZLR LONG -285.00 STOP', '08-31 08:33 ZLR SHORT -80.00 EOD', '09-01 08:30 ZLR SHORT -285.00 STOP', '09-01 10:10 GB100 SHORT -375.00 STOP', '09-01 11:20 GB100 SHORT +476.25 EOD', '09-02 08:30 DALTON_EDGE_SHORT SHORT +80.00 BE', '09-02 08:40 ZLR LONG +546.25 EOD', '09-03 09:15 VA_FADE_LONG LONG -180.00 STOP', '09-03 11:10 CEILING_FLIP_SHORT SHORT -181.80 STOP', '09-03 14:05 GB100 SHORT +85.00 EOD', '09-04 08:35 GB100 LONG -293.75 STOP', '09-04 09:15 VA_FADE_LONG LONG -243.75 STOP', '09-04 13:25 INITIATIVE_LONG LONG +60.00 EOD']}
GATE live:awaiting_release {'n_blocked': 114, 'n_entered': 9, 'delta': 915.0, 'added_pnl': 115.0, 'filtered': {'late:rr_entry_gate': 2, 'release_hold': 95, 'late:entry_not_confirmed': 2}, 'added': ['08-24 08:30 VEGAS LONG -106.25 STOP', '08-24 10:30 REACTIVE_LONG LONG +20.00 EOD', '08-31 10:21 S2_DELTA_DBL_LONG LONG -110.00 STOP', '08-31 11:30 ZLR LONG +200.00 EOD', '09-01 13:05 ZLR SHORT +220.00 BE', '09-02 08:30 DALTON_EDGE_SHORT SHORT +80.00 BE', '09-03 09:15 VA_FADE_LONG LONG -180.00 STOP', '09-03 12:10 GB100 SHORT -306.25 STOP', '09-04 08:45 FAILED_BREAK_SHORT SHORT +297.50 EOD']}
GATE live:daytype_playbook {'n_blocked': 50, 'n_entered': 2, 'delta': -250.0, 'added_pnl': -250.0, 'filtered': {'release_hold': 47}, 'added': ['08-27 13:55 REACTIVE_SHORT SHORT -362.50 EOD', '09-01 12:55 ZLR SHORT +112.50 BE']}
GATE live:eod_entry_cutoff {'n_blocked': 35, 'n_entered': 3, 'delta': -75.0, 'added_pnl': -75.0, 'filtered': {'no_levels': 1, 'release_hold': 30}, 'added': ['08-25 14:20 INITIATIVE_SHORT SHORT -106.25 EOD', '09-02 14:15 REACTIVE_LONG LONG +0.00 EOD', '09-04 14:30 S2_DELTA_DBL_LONG LONG +31.25 EOD']}
GATE live:entry_location_quality {'n_blocked': 33, 'n_entered': 3, 'delta': -80.0, 'added_pnl': -105.0, 'filtered': {'release_hold': 28, 'late:rr_hard_floor': 1}, 'added': ['09-03 08:35 FAILED_BREAK_LONG LONG -225.00 STOP', '09-03 10:20 INITIATIVE_LONG LONG +245.00 EOD', '09-04 10:00 INITIATIVE_SHORT SHORT -125.00 EOD']}
GATE live:lsma_flat {'n_blocked': 18, 'n_entered': 0, 'delta': 0.0, 'added_pnl': 0.0, 'filtered': {'no_levels': 2, 'release_hold': 16}, 'added': []}
GATE live:entry_not_confirmed {'n_blocked': 18, 'n_entered': 9, 'delta': -122.5, 'added_pnl': -416.25, 'filtered': {'no_levels': 1, 'late:rr_entry_gate': 3}, 'added': ['08-25 11:10 INITIATIVE_LONG LONG +30.00 EOD', '08-26 11:55 TREND_STEP SHORT -87.50 STOP', '08-26 14:10 INITIATIVE_LONG LONG +50.00 EOD', '08-27 12:30 TREND_STEP LONG -35.00 STOP', '08-28 11:30 TREND_STEP SHORT -225.00 STOP', '09-01 11:30 INITIATIVE_SHORT SHORT +188.75 T3', '09-01 13:55 TREND_STEP SHORT -87.50 STOP', '09-02 09:50 TREND_STEP LONG -93.75 STOP', '09-04 08:50 ZLR LONG -156.25 STOP']}
GATE live:rr_hard_floor {'n_blocked': 12, 'n_entered': 2, 'delta': -177.5, 'added_pnl': -80.0, 'filtered': {'no_levels': 2, 'late:entry_not_confirmed': 4}, 'added': ['08-25 12:30 REACTIVE_SHORT SHORT -137.50 STOP', '08-28 11:55 ZLR SHORT +57.50 T3']}
GATE live:location_gate {'n_blocked': 12, 'n_entered': 0, 'delta': 0.0, 'added_pnl': 0.0, 'filtered': {'release_hold': 8, 'late:rr_entry_gate': 2, 'late:rr_hard_floor': 2}, 'added': []}
GATE live:rr_entry_gate {'n_blocked': 11, 'n_entered': 3, 'delta': 56.25, 'added_pnl': 56.25, 'filtered': {'no_levels': 2, 'late:entry_not_confirmed': 3}, 'added': ['08-25 12:35 TREND_STEP SHORT -68.75 STOP', '09-01 10:30 ZLR LONG +87.50 T3', '09-02 14:09 ZLR LONG +37.50 EOD']}
GATE live:cont_trend_filter {'n_blocked': 9, 'n_entered': 0, 'delta': 0.0, 'added_pnl': 0.0, 'filtered': {'no_levels': 2, 'release_hold': 7}, 'added': []}
GATE live:structural_targets_wrong_side {'n_blocked': 6, 'n_entered': 1, 'delta': -343.75, 'added_pnl': -175.0, 'filtered': {'no_levels': 1, 'late:rr_entry_gate': 1}, 'added': ['08-27 11:45 INITIATIVE_LONG LONG -175.00 EOD']}
GATE live:direction_context {'n_blocked': 5, 'n_entered': 0, 'delta': 0.0, 'added_pnl': 0.0, 'filtered': {'no_levels': 2, 'release_hold': 3}, 'added': []}
GATE live:direction_compass {'n_blocked': 5, 'n_entered': 0, 'delta': 0.0, 'added_pnl': 0.0, 'filtered': {'release_hold': 5}, 'added': []}
GATE live:duplicate_fire {'n_blocked': 3, 'n_entered': 0, 'delta': 0.0, 'added_pnl': 0.0, 'filtered': {'release_hold': 2, 'late:rr_entry_gate': 1}, 'added': []}
GATE live:session_gate_closed {'n_blocked': 3, 'n_entered': 0, 'delta': 0.0, 'added_pnl': 0.0, 'filtered': {'release_hold': 3}, 'added': []}
GATE live:cold_start_guard {'n_blocked': 2, 'n_entered': 0, 'delta': 0.0, 'added_pnl': 0.0, 'filtered': {'release_hold': 2}, 'added': []}
GATE live:cluster_guard {'n_blocked': 2, 'n_entered': 1, 'delta': -175.0, 'added_pnl': -175.0, 'filtered': {}, 'added': ['08-31 11:40 S2_DELTA_DBL_SHORT SHORT -175.00 STOP']}
GATE live:news_blackout {'n_blocked': 2, 'n_entered': 1, 'delta': -175.0, 'added_pnl': -175.0, 'filtered': {}, 'added': ['09-01 08:50 OPENING_DRIVE LONG -175.00 STOP']}
GATE live:pattern_stop_cooldown {'n_blocked': 2, 'n_entered': 0, 'delta': 0.0, 'added_pnl': 0.0, 'filtered': {'release_hold': 2}, 'added': []}
GATE live:extreme_chase_guard {'n_blocked': 1, 'n_entered': 1, 'delta': 261.25, 'added_pnl': 380.0, 'filtered': {}, 'added': ['09-04 09:10 GB100 SHORT +380.00 EOD']}
GATE live:awaiting_release@min_hl=2(closed-bars) {'n_blocked': 114, 'n_entered': 3, 'delta': -403.75, 'added_pnl': -547.5, 'added': ['08-31 10:55 REACTIVE_LONG LONG -281.25 STOP', '09-01 14:05 FAMIR LONG +40.00 EOD', '09-03 12:10 GB100 SHORT -306.25 STOP']}
GATE live:awaiting_release@ALL(no release check) {'n_blocked': 114, 'n_entered': 17, 'delta': 559.45, 'added_pnl': -240.55, 'added': ['08-24 08:30 VEGAS LONG -106.25 STOP', '08-24 10:30 REACTIVE_LONG LONG +20.00 EOD', '08-25 08:30 GB100 SHORT +432.50 EOD', '08-26 08:35 GB100 LONG -265.00 STOP', '08-26 12:15 INITIATIVE_LONG LONG +415.00 EOD', '08-28 08:40 ZLR LONG -285.00 STOP', '08-31 08:33 ZLR SHORT -80.00 EOD', '09-01 08:30 ZLR SHORT -285.00 STOP', '09-01 10:10 GB100 SHORT -375.00 STOP', '09-01 11:20 GB100 SHORT +476.25 EOD', '09-02 08:30 DALTON_EDGE_SHORT SHORT +80.00 BE', '09-02 08:40 ZLR LONG +546.25 EOD', '09-03 09:15 VA_FADE_LONG LONG -180.00 STOP', '09-03 11:10 CEILING_FLIP_SHORT SHORT -181.80 STOP', '09-03 14:05 GB100 SHORT +85.00 EOD', '09-04 08:35 GB100 LONG -293.75 STOP', '09-04 09:15 VA_FADE_LONG LONG -243.75 STOP']}
release_min_hl0_reasons {'True|released: 0 higher lows, vol 0.30 of the extreme, closed 7681.5 beyond': 1, 'True|released: 1 higher lows, vol 0.52 of the extreme, closed 7671.5 beyond': 2, 'False|left the zone without volume — not convincing': 17, 'False|only 2 bars since the extreme': 6, 'False|still active in the zone': 48, 'True|released: 1 higher lows, vol 0.47 of the extreme, closed 7674.25 beyon': 1, 'True|released: 0 higher lows, vol 0.41 of the extreme, closed 7686.5 beyond': 1, 'False|has not left the zone': 11, 'False|only 0 bars since the extreme': 5, 'False|only 1 bars since the extreme': 8, 'True|released: 2 higher lows, vol 0.57 of the extreme, closed 7765.75 beyon': 1, 'True|released: 0 higher lows, vol 0.52 of the extreme, closed 7685.5 beyond': 1, 'True|released: 1 higher lows, vol 0.51 of the extreme, closed 7688.25 beyon': 1, 'True|released: 2 higher lows, vol 0.37 of the extreme, closed 7688.75 beyon': 1, 'True|released: 1 higher lows, vol 0.61 of the extreme, closed 7687.0 beyond': 1, 'True|released: 2 higher lows, vol 0.44 of the extreme, closed 7685.75 beyon': 1, 'True|released: 0 higher lows, vol 0.72 of the extreme, closed 7643.0 beyond': 1, 'True|released: 3 higher lows, vol 0.69 of the extreme, closed 7638.5 beyond': 1, 'True|released: 0 higher lows, vol 0.57 of the extreme, closed 7650.25 beyon': 1, 'True|released: 4 higher lows, vol 0.52 of the extreme, closed 7680.75 beyon': 1, 'True|released': 3, 'True|released: 4 higher lows, vol 0.59 of the extreme, closed 7750.0 beyond': 1}
DBG {'date': '2026-08-24', 'ct': '08:30:05', 'pattern': 'VEGAS', 'dir': 'LONG', 'entry': 7681.5, 'gate': 'awaiting_release', 'live_reason': 'waiting for the zone release — structure not turning (1/2 higher lows)', 'replay_min_hl2': (False, 'structure not turning (0/2 higher lows)'), 'replay_min_hl0': (True, 'released: 0 higher lows, vol 0.30 of the extreme, closed 7681.5 beyond'), 'late': None}
DBG {'date': '2026-08-24', 'ct': '10:30:01', 'pattern': 'S2_DELTA_DBL_LONG', 'dir': 'LONG', 'entry': 7671.75, 'gate': 'awaiting_release', 'live_reason': 'waiting for the zone release — structure not turning (1/2 higher lows)', 'replay_min_hl2': (False, 'structure not turning (1/2 higher lows)'), 'replay_min_hl0': (True, 'released: 1 higher lows, vol 0.52 of the extreme, closed 7671.5 beyond'), 'late': 'rr_entry_gate'}
DBG {'date': '2026-08-24', 'ct': '10:30:04', 'pattern': 'REACTIVE_LONG', 'dir': 'LONG', 'entry': 7671.75, 'gate': 'awaiting_release', 'live_reason': 'waiting for the zone release — structure not turning (1/2 higher lows)', 'replay_min_hl2': (False, 'structure not turning (1/2 higher lows)'), 'replay_min_hl0': (True, 'released: 1 higher lows, vol 0.52 of the extreme, closed 7671.5 beyond'), 'late': None}
DBG {'date': '2026-08-24', 'ct': '10:39:55', 'pattern': 'S2_DELTA_DBL_LONG', 'dir': 'LONG', 'entry': 7674.75, 'gate': 'awaiting_release', 'live_reason': 'waiting for the zone release — left the zone without volume — not convincing', 'replay_min_hl2': (False, 'left the zone without volume — not convincing'), 'replay_min_hl0': (False, 'left the zone without volume — not convincing'), 'late': 'rr_entry_gate'}
DBG {'date': '2026-08-24', 'ct': '11:35:01', 'pattern': 'S2_DELTA_DBL_SHORT', 'dir': 'SHORT', 'entry': 7679.75, 'gate': 'awaiting_release', 'live_reason': 'waiting for the zone release — only 2 bars since the extreme', 'replay_min_hl2': (False, 'only 2 bars since the extreme'), 'replay_min_hl0': (False, 'only 2 bars since the extreme'), 'late': 'rr_entry_gate'}
DBG {'date': '2026-08-24', 'ct': '11:40:08', 'pattern': 'DOUBLE_TOP_AA_SHORT', 'dir': 'SHORT', 'entry': 7677.5, 'gate': 'awaiting_release', 'live_reason': 'waiting for the zone release — left the zone without volume — not convincing', 'replay_min_hl2': (False, 'structure not turning (1/2 higher lows)'), 'replay_min_hl0': (False, 'left the zone without volume — not convincing'), 'late': 'rr_entry_gate'}
DBG {'date': '2026-08-24', 'ct': '12:15:04', 'pattern': 'ZLR', 'dir': 'SHORT', 'entry': 7679.0, 'gate': 'awaiting_release', 'live_reason': 'waiting for the zone release — structure not turning (1/2 higher lows)', 'replay_min_hl2': (False, 'structure not turning (0/2 higher lows)'), 'replay_min_hl0': (False, 'still active in the zone (vol 1.04 > 0.75)'), 'late': 'entry_not_confirmed'}
DBG {'date': '2026-08-24', 'ct': '13:15:03', 'pattern': 'GB100', 'dir': 'LONG', 'entry': 7677.0, 'gate': 'awaiting_release', 'live_reason': 'waiting for the zone release — still active in the zone (vol 0.90 > 0.75)', 'replay_min_hl2': (False, 'still active in the zone (vol 1.37 > 0.75)'), 'replay_min_hl0': (False, 'still active in the zone (vol 1.37 > 0.75)'), 'late': None}
DBG {'date': '2026-08-24', 'ct': '13:50:05', 'pattern': 'ZLR', 'dir': 'LONG', 'entry': 7677.5, 'gate': 'awaiting_release', 'live_reason': 'waiting for the zone release — structure not turning (1/2 higher lows)', 'replay_min_hl2': (False, 'structure not turning (0/2 higher lows)'), 'replay_min_hl0': (False, 'still active in the zone (vol 1.17 > 0.75)'), 'late': None}
DBG {'date': '2026-08-24', 'ct': '14:00:05', 'pattern': 'REACTIVE_SHORT', 'dir': 'SHORT', 'entry': 7674.25, 'gate': 'awaiting_release', 'live_reason': 'waiting for the zone release — structure not turning (1/2 higher lows)', 'replay_min_hl2': (False, 'structure not turning (1/2 higher lows)'), 'replay_min_hl0': (True, 'released: 1 higher lows, vol 0.47 of the extreme, closed 7674.25 beyon'), 'late': None}
DBG {'date': '2026-08-24', 'ct': '14:10:05', 'pattern': 'GB100', 'dir': 'SHORT', 'entry': 7672.75, 'gate': 'awaiting_release', 'live_reason': 'waiting for the zone release — structure not turning (1/2 higher lows)', 'replay_min_hl2': (False, 'structure not turning (0/2 higher lows)'), 'replay_min_hl0': (False, 'left the zone without volume — not convincing'), 'late': None}
DBG {'date': '2026-08-25', 'ct': '08:30:11', 'pattern': 'GB100', 'dir': 'SHORT', 'entry': 7695.75, 'gate': 'awaiting_release', 'live_reason': 'waiting for the zone release — structure not turning (1/2 higher lows)', 'replay_min_hl2': (False, 'structure not turning (0/2 higher lows)'), 'replay_min_hl0': (False, 'still active in the zone (vol 1.63 > 0.75)'), 'late': None}
DBG {'date': '2026-08-25', 'ct': '08:37:01', 'pattern': 'ZLR', 'dir': 'SHORT', 'entry': 7695.5, 'gate': 'cont_trend_filter', 'live_reason': 'ZLR (CONT) setup DOWN vs sustained UP', 'replay_min_hl2': (False, 'structure not turning (0/2 higher lows)'), 'replay_min_hl0': (False, 'still active in the zone (vol 4.57 > 0.75)'), 'late': None}
DBG {'date': '2026-08-25', 'ct': '08:40:03', 'pattern': 'GB100', 'dir': 'SHORT', 'entry': 7695.0, 'gate': 'awaiting_release', 'live_reason': 'waiting for the zone release — still active in the zone (vol 6.01 > 0.75)', 'replay_min_hl2': (False, 'structure not turning (1/2 higher lows)'), 'replay_min_hl0': (False, 'still active in the zone (vol 6.78 > 0.75)'), 'late': None}
DBG {'date': '2026-08-25', 'ct': '10:53:08', 'pattern': 'ZLR', 'dir': 'LONG', 'entry': 7682.75, 'gate': 'awaiting_release', 'live_reason': 'waiting for the zone release — structure not turning (1/2 higher lows)', 'replay_min_hl2': (False, 'structure not turning (0/2 higher lows)'), 'replay_min_hl0': (False, 'left the zone without volume — not convincing'), 'late': 'entry_not_confirmed'}
DBG {'date': '2026-08-25', 'ct': '11:57:24', 'pattern': 'ZLR', 'dir': 'LONG', 'entry': 7689.5, 'gate': 'cont_trend_filter', 'live_reason': 'ZLR (CONT) setup UP vs sustained DOWN', 'replay_min_hl2': (False, 'structure not turning (0/2 higher lows)'), 'replay_min_hl0': (False, 'left the zone without volume — not convincing'), 'late': 'entry_not_confirmed'}
DBG {'date': '2026-08-25', 'ct': '12:05:04', 'pattern': 'GB100', 'dir': 'SHORT', 'entry': 7686.25, 'gate': 'awaiting_release', 'live_reason': 'waiting for the zone release — still active in the zone (vol 0.81 > 0.75)', 'replay_min_hl2': (False, 'structure not turning (1/2 higher lows)'), 'replay_min_hl0': (False, 'still active in the zone (vol 1.08 > 0.75)'), 'late': None}
DBG {'date': '2026-08-25', 'ct': '12:15:02', 'pattern': 'TREND_STEP', 'dir': 'SHORT', 'entry': 7685.75, 'gate': 'awaiting_release', 'live_reason': 'waiting for the zone release — still active in the zone (vol 1.22 > 0.75)', 'replay_min_hl2': (False, 'still active in the zone (vol 1.22 > 0.75)'), 'replay_min_hl0': (False, 'still active in the zone (vol 1.22 > 0.75)'), 'late': 'entry_not_confirmed'}
DBG {'date': '2026-08-25', 'ct': '12:30:02', 'pattern': 'FAMIR', 'dir': 'LONG', 'entry': 7681.25, 'gate': 'location_gate', 'live_reason': 'Variation: LONG at correct edge (near_val) but no probe — no bar probed VAL with', 'replay_min_hl2': (False, 'structure not turning (0/2 higher lows)'), 'replay_min_hl0': (False, 'has not left the zone (close 7681.25 vs 7687.0)'), 'late': 'entry_not_confirmed'}
DBG {'date': '2026-08-25', 'ct': '13:00:08', 'pattern': 'ZLR', 'dir': 'SHORT', 'entry': 7683.25, 'gate': 'awaiting_release', 'live_reason': 'waiting for the zone release — structure not turning (1/2 higher lows)', 'replay_min_hl2': (False, 'structure not turning (0/2 higher lows)'), 'replay_min_hl0': (False, 'left the zone without volume — not convincing'), 'late': None}
DBG {'date': '2026-08-26', 'ct': '08:35:06', 'pattern': 'GB100', 'dir': 'LONG', 'entry': 7688.75, 'gate': 'awaiting_release', 'live_reason': 'waiting for the zone release — still active in the zone (vol 1.61 > 0.75)', 'replay_min_hl2': (False, 'structure not turning (1/2 higher lows)'), 'replay_min_hl0': (False, 'still active in the zone (vol 1.63 > 0.75)'), 'late': None}
DBG {'date': '2026-08-26', 'ct': '08:40:02', 'pattern': 'VEGAS', 'dir': 'LONG', 'entry': 7688.0, 'gate': 'awaiting_release', 'live_reason': 'waiting for the zone release — still active in the zone (vol 2.69 > 0.75)', 'replay_min_hl2': (False, 'still active in the zone (vol 2.90 > 0.75)'), 'replay_min_hl0': (False, 'still active in the zone (vol 2.90 > 0.75)'), 'late': None}
DBG {'date': '2026-08-26', 'ct': '10:55:02', 'pattern': 'GB100', 'dir': 'SHORT', 'entry': 7686.0, 'gate': 'cont_trend_filter', 'live_reason': 'GB100 (CONT) setup DOWN vs sustained NEUTRAL', 'replay_min_hl2': (False, 'structure not turning (0/2 higher lows)'), 'replay_min_hl0': (False, 'still active in the zone (vol 1.09 > 0.75)'), 'late': None}
DBG {'date': '2026-08-26', 'ct': '12:15:05', 'pattern': 'INITIATIVE_LONG', 'dir': 'LONG', 'entry': 7683.5, 'gate': 'awaiting_release', 'live_reason': 'waiting for the zone release — left the zone without volume — not convincing', 'replay_min_hl2': (False, 'left the zone without volume — not convincing'), 'replay_min_hl0': (False, 'left the zone without volume — not convincing'), 'late': None}
DBG {'date': '2026-08-26', 'ct': '12:15:05', 'pattern': 'GB100', 'dir': 'LONG', 'entry': 7684.75, 'gate': 'awaiting_release', 'live_reason': 'waiting for the zone release — left the zone without volume — not convincing', 'replay_min_hl2': (False, 'left the zone without volume — not convincing'), 'replay_min_hl0': (False, 'left the zone without volume — not convincing'), 'late': None}
DBG {'date': '2026-08-26', 'ct': '13:18:34', 'pattern': 'ZLR', 'dir': 'LONG', 'entry': 7689.25, 'gate': 'awaiting_release', 'live_reason': 'waiting for the zone release — structure not turning (0/2 higher lows)', 'replay_min_hl2': (False, 'structure not turning (0/2 higher lows)'), 'replay_min_hl0': (True, 'released: 0 higher lows, vol 0.41 of the extreme, closed 7686.5 beyond'), 'late': 'entry_not_confirmed'}
DBG {'date': '2026-08-26', 'ct': '13:32:53', 'pattern': 'ZLR', 'dir': 'LONG', 'entry': 7689.25, 'gate': 'cont_trend_filter', 'live_reason': 'ZLR (CONT) setup UP vs sustained DOWN', 'replay_min_hl2': (False, 'structure not turning (0/2 higher lows)'), 'replay_min_hl0': (False, 'left the zone without volume — not convincing'), 'late': None}
DBG {'date': '2026-08-26', 'ct': '13:35:03', 'pattern': 'ZLR', 'dir': 'LONG', 'entry': 7689.75, 'gate': 'cont_trend_filter', 'live_reason': 'ZLR (CONT) setup UP vs sustained DOWN', 'replay_min_hl2': (False, 'structure not turning (1/2 higher lows)'), 'replay_min_hl0': (False, 'left the zone without volume — not convincing'), 'late': None}
DBG {'date': '2026-08-27', 'ct': '08:30:07', 'pattern': 'ZLR', 'dir': 'SHORT', 'entry': 7713.25, 'gate': 'cont_trend_filter', 'live_reason': 'ZLR (CONT) setup DOWN vs sustained UP', 'replay_min_hl2': (False, 'structure not turning (0/2 higher lows)'), 'replay_min_hl0': (False, 'still active in the zone (vol 1.53 > 0.75)'), 'late': None}
DBG {'date': '2026-08-27', 'ct': '09:00:14', 'pattern': 'GHOST', 'dir': 'LONG', 'entry': 7716.5, 'gate': 'awaiting_release', 'live_reason': 'waiting for the zone release — structure not turning (1/2 higher lows)', 'replay_min_hl2': (False, 'structure not turning (0/2 higher lows)'), 'replay_min_hl0': (False, 'still active in the zone (vol 1.27 > 0.75)'), 'late': 'rr_hard_floor'}
DBG {'date': '2026-08-27', 'ct': '09:05:04', 'pattern': 'GHOST', 'dir': 'LONG', 'entry': 7719.25, 'gate': 'awaiting_release', 'live_reason': 'waiting for the zone release — left the zone without volume — not convincing', 'replay_min_hl2': (False, 'structure not turning (1/2 higher lows)'), 'replay_min_hl0': (False, 'still active in the zone (vol 0.99 > 0.75)'), 'late': 'rr_hard_floor'}
DBG {'date': '2026-08-27', 'ct': '09:10:14', 'pattern': 'ZLR', 'dir': 'LONG', 'entry': 7718.5, 'gate': 'awaiting_release', 'live_reason': 'waiting for the zone release — structure not turning (1/2 higher lows)', 'replay_min_hl2': (False, 'structure not turning (0/2 higher lows)'), 'replay_min_hl0': (False, 'still active in the zone (vol 0.88 > 0.75)'), 'late': 'entry_not_confirmed'}
DBG {'date': '2026-08-27', 'ct': '10:30:04', 'pattern': 'GHOST', 'dir': 'SHORT', 'entry': 7734.75, 'gate': 'awaiting_release', 'live_reason': 'waiting for the zone release — has not left the zone (close 7734.75 vs 7734.75)', 'replay_min_hl2': (False, 'only 2 bars since the extreme'), 'replay_min_hl0': (False, 'only 2 bars since the extreme'), 'late': 'rr_hard_floor'}
DBG {'date': '2026-08-27', 'ct': '10:45:04', 'pattern': 'GB100', 'dir': 'SHORT', 'entry': 7727.75, 'gate': 'awaiting_release', 'live_reason': 'waiting for the zone release — structure not turning (1/2 higher lows)', 'replay_min_hl2': (False, 'structure not turning (0/2 higher lows)'), 'replay_min_hl0': (False, 'still active in the zone (vol 1.29 > 0.75)'), 'late': None}
DBG {'date': '2026-08-27', 'ct': '10:55:03', 'pattern': 'GHOST', 'dir': 'SHORT', 'entry': 7739.75, 'gate': 'awaiting_release', 'live_reason': 'waiting for the zone release — structure not turning (1/2 higher lows)', 'replay_min_hl2': (False, 'structure not turning (0/2 higher lows)'), 'replay_min_hl0': (False, 'still active in the zone (vol 1.27 > 0.75)'), 'late': 'rr_hard_floor'}
DBG {'date': '2026-08-27', 'ct': '11:21:42', 'pattern': 'ZLR', 'dir': 'SHORT', 'entry': 7735.0, 'gate': 'awaiting_release', 'live_reason': 'waiting for the zone release — structure not turning (1/2 higher lows)', 'replay_min_hl2': (False, 'structure not turning (0/2 higher lows)'), 'replay_min_hl0': (False, 'has not left the zone (close 7737.75 vs 7734.75)'), 'late': None}
DBG {'date': '2026-08-27', 'ct': '11:35:03', 'pattern': 'DOUBLE_BOTTOM_EE_LONG', 'dir': 'LONG', 'entry': 7743.25, 'gate': 'location_gate', 'live_reason': 'Variation: LONG fade at near_vah — wrong location (LONG only at VAL-side, SHORT ', 'replay_min_hl2': (True, 'released: 2 higher lows, vol 0.67 of the extreme, closed 7743.25 beyon'), 'replay_min_hl0': (True, 'released: 2 higher lows, vol 0.67 of the extreme, closed 7743.25 beyon'), 'late': 'rr_entry_gate'}
DBG {'date': '2026-08-27', 'ct': '13:40:02', 'pattern': 'GHOST', 'dir': 'LONG', 'entry': 7731.5, 'gate': 'location_gate', 'live_reason': 'Variation: LONG fade at mid_value — wrong location (LONG only at VAL-side, SHORT', 'replay_min_hl2': (False, 'only 2 bars since the extreme'), 'replay_min_hl0': (False, 'only 2 bars since the extreme'), 'late': 'rr_hard_floor'}
DBG {'date': '2026-08-28', 'ct': '08:40:04', 'pattern': 'ZLR', 'dir': 'LONG', 'entry': 7751.75, 'gate': 'awaiting_release', 'live_reason': 'waiting for the zone release — still active in the zone (vol 26.43 > 0.75)', 'replay_min_hl2': (False, 'still active in the zone (vol 32.36 > 0.75)'), 'replay_min_hl0': (False, 'still active in the zone (vol 32.36 > 0.75)'), 'late': None}
DBG {'date': '2026-08-28', 'ct': '08:50:03', 'pattern': 'DALTON_EDGE_SHORT', 'dir': 'SHORT', 'entry': 7750.75, 'gate': 'awaiting_release', 'live_reason': 'waiting for the zone release — only 0 bars since the extreme', 'replay_min_hl2': (False, 'only 0 bars since the extreme'), 'replay_min_hl0': (False, 'only 0 bars since the extreme'), 'late': None}
DBG {'date': '2026-08-28', 'ct': '08:50:16', 'pattern': 'ZLR', 'dir': 'SHORT', 'entry': 7749.5, 'gate': 'awaiting_release', 'live_reason': 'waiting for the zone release — only 1 bars since the extreme', 'replay_min_hl2': (False, 'only 0 bars since the extreme'), 'replay_min_hl0': (False, 'only 0 bars since the extreme'), 'late': None}
DBG {'date': '2026-08-28', 'ct': '08:55:04', 'pattern': 'ZLR', 'dir': 'SHORT', 'entry': 7746.75, 'gate': 'awaiting_release', 'live_reason': 'waiting for the zone release — only 2 bars since the extreme', 'replay_min_hl2': (False, 'only 1 bars since the extreme'), 'replay_min_hl0': (False, 'only 1 bars since the extreme'), 'late': None}
DBG {'date': '2026-08-28', 'ct': '08:55:05', 'pattern': 'FAILED_BREAK_SHORT', 'dir': 'SHORT', 'entry': 7746.25, 'gate': 'awaiting_release', 'live_reason': 'waiting for the zone release — only 2 bars since the extreme', 'replay_min_hl2': (False, 'only 1 bars since the extreme'), 'replay_min_hl0': (False, 'only 1 bars since the extreme'), 'late': None}
DBG {'date': '2026-08-28', 'ct': '09:00:08', 'pattern': 'GB100', 'dir': 'SHORT', 'entry': 7747.75, 'gate': 'awaiting_release', 'live_reason': 'waiting for the zone release — structure not turning (1/2 higher lows)', 'replay_min_hl2': (False, 'only 2 bars since the extreme'), 'replay_min_hl0': (False, 'only 2 bars since the extreme'), 'late': 'entry_not_confirmed'}
DBG {'date': '2026-08-28', 'ct': '09:00:10', 'pattern': 'ZLR', 'dir': 'SHORT', 'entry': 7748.75, 'gate': 'awaiting_release', 'live_reason': 'waiting for the zone release — structure not turning (1/2 higher lows)', 'replay_min_hl2': (False, 'only 2 bars since the extreme'), 'replay_min_hl0': (False, 'only 2 bars since the extreme'), 'late': 'entry_not_confirmed'}
DBG {'date': '2026-08-28', 'ct': '09:21:47', 'pattern': 'ZLR', 'dir': 'LONG', 'entry': 7748.25, 'gate': 'awaiting_release', 'live_reason': 'waiting for the zone release — only 2 bars since the extreme', 'replay_min_hl2': (False, 'only 1 bars since the extreme'), 'replay_min_hl0': (False, 'only 1 bars since the extreme'), 'late': None}
DBG {'date': '2026-08-28', 'ct': '10:40:04', 'pattern': 'DOUBLE_TOP_AA_SHORT', 'dir': 'SHORT', 'entry': 7765.75, 'gate': 'awaiting_release', 'live_reason': 'waiting for the zone release — left the zone without volume — not convincing', 'replay_min_hl2': (True, 'released: 2 higher lows, vol 0.57 of the extreme, closed 7765.75 beyon'), 'replay_min_hl0': (True, 'released: 2 higher lows, vol 0.57 of the extreme, closed 7765.75 beyon'), 'late': 'rr_entry_gate'}
DBG {'date': '2026-08-28', 'ct': '12:50:05', 'pattern': 'DOUBLE_BOTTOM_EE_LONG', 'dir': 'LONG', 'entry': 7725.25, 'gate': 'awaiting_release', 'live_reason': 'waiting for the zone release — left the zone without volume — not convincing', 'replay_min_hl2': (False, 'left the zone without volume — not convincing'), 'replay_min_hl0': (False, 'left the zone without volume — not convincing'), 'late': 'rr_entry_gate'}
DBG {'date': '2026-08-28', 'ct': '13:50:02', 'pattern': 'GHOST', 'dir': 'SHORT', 'entry': 7716.5, 'gate': 'location_gate', 'live_reason': 'Neutral_Extreme: SHORT fade at near_val — wrong location (LONG only at VAL-side,', 'replay_min_hl2': (True, 'released: 2 higher lows, vol 0.44 of the extreme, closed 7716.75 beyon'), 'replay_min_hl0': (True, 'released: 2 higher lows, vol 0.44 of the extreme, closed 7716.75 beyon'), 'late': 'rr_hard_floor'}
DBG {'date': '2026-08-28', 'ct': '13:55:02', 'pattern': 'GHOST', 'dir': 'SHORT', 'entry': 7714.0, 'gate': 'location_gate', 'live_reason': 'Neutral_Extreme: SHORT fade at near_val — wrong location (LONG only at VAL-side,', 'replay_min_hl2': (True, 'released: 3 higher lows, vol 0.65 of the extreme, closed 7714.75 beyon'), 'replay_min_hl0': (True, 'released: 3 higher lows, vol 0.65 of the extreme, closed 7714.75 beyon'), 'late': 'rr_hard_floor'}
DBG {'date': '2026-08-31', 'ct': '08:33:34', 'pattern': 'ZLR', 'dir': 'SHORT', 'entry': 7691.5, 'gate': 'awaiting_release', 'live_reason': 'waiting for the zone release — structure not turning (0/2 higher lows)', 'replay_min_hl2': (False, 'structure not turning (0/2 higher lows)'), 'replay_min_hl0': (False, 'still active in the zone (vol 4.19 > 0.75)'), 'late': None}
DBG {'date': '2026-08-31', 'ct': '09:45:05', 'pattern': 'REACTIVE_LONG', 'dir': 'LONG', 'entry': 7685.5, 'gate': 'awaiting_release', 'live_reason': 'waiting for the zone release — left the zone without volume — not convincing', 'replay_min_hl2': (False, 'still active in the zone (vol 0.77 > 0.75)'), 'replay_min_hl0': (False, 'still active in the zone (vol 0.77 > 0.75)'), 'late': None}
DBG {'date': '2026-08-31', 'ct': '10:21:42', 'pattern': 'S2_DELTA_DBL_LONG', 'dir': 'LONG', 'entry': 7687.25, 'gate': 'awaiting_release', 'live_reason': 'waiting for the zone release — structure not turning (1/2 higher lows)', 'replay_min_hl2': (False, 'structure not turning (0/2 higher lows)'), 'replay_min_hl0': (True, 'released: 0 higher lows, vol 0.52 of the extreme, closed 7685.5 beyond'), 'late': None}
DBG {'date': '2026-08-31', 'ct': '10:25:00', 'pattern': 'S2_DELTA_DBL_LONG', 'dir': 'LONG', 'entry': 7688.0, 'gate': 'awaiting_release', 'live_reason': 'waiting for the zone release — structure not turning (1/2 higher lows)', 'replay_min_hl2': (False, 'structure not turning (1/2 higher lows)'), 'replay_min_hl0': (True, 'released: 1 higher lows, vol 0.51 of the extreme, closed 7688.25 beyon'), 'late': None}
DBG {'date': '2026-08-31', 'ct': '10:50:06', 'pattern': 'HTLB', 'dir': 'LONG', 'entry': 7688.25, 'gate': 'awaiting_release', 'live_reason': 'waiting for the zone release — left the zone without volume — not convincing', 'replay_min_hl2': (False, 'structure not turning (1/2 higher lows)'), 'replay_min_hl0': (False, 'left the zone without volume — not convincing'), 'late': None}
DBG {'date': '2026-08-31', 'ct': '10:50:06', 'pattern': 'REACTIVE_LONG', 'dir': 'LONG', 'entry': 7686.5, 'gate': 'awaiting_release', 'live_reason': 'waiting for the zone release — left the zone without volume — not convincing', 'replay_min_hl2': (False, 'structure not turning (1/2 higher lows)'), 'replay_min_hl0': (False, 'left the zone without volume — not convincing'), 'late': None}
DBG {'date': '2026-08-31', 'ct': '10:53:34', 'pattern': 'S2_DELTA_DBL_LONG', 'dir': 'LONG', 'entry': 7691.25, 'gate': 'awaiting_release', 'live_reason': 'waiting for the zone release — left the zone without volume — not convincing', 'replay_min_hl2': (False, 'structure not turning (1/2 higher lows)'), 'replay_min_hl0': (False, 'left the zone without volume — not convincing'), 'late': 'rr_entry_gate'}
DBG {'date': '2026-08-31', 'ct': '10:55:05', 'pattern': 'REACTIVE_LONG', 'dir': 'LONG', 'entry': 7688.75, 'gate': 'awaiting_release', 'live_reason': 'waiting for the zone release — left the zone without volume — not convincing', 'replay_min_hl2': (True, 'released: 2 higher lows, vol 0.37 of the extreme, closed 7688.75 beyon'), 'replay_min_hl0': (True, 'released: 2 higher lows, vol 0.37 of the extreme, closed 7688.75 beyon'), 'late': None}
DBG {'date': '2026-08-31', 'ct': '11:05:04', 'pattern': 'DOUBLE_TOP_AA_SHORT', 'dir': 'SHORT', 'entry': 7679.25, 'gate': 'location_gate', 'live_reason': 'Normal: SHORT fade at near_val — wrong location (LONG only at VAL-side, SHORT on', 'replay_min_hl2': (True, 'released: 2 higher lows, vol 0.55 of the extreme, closed 7679.25 beyon'), 'replay_min_hl0': (True, 'released: 2 higher lows, vol 0.55 of the extreme, closed 7679.25 beyon'), 'late': 'rr_entry_gate'}
DBG {'date': '2026-08-31', 'ct': '11:17:22', 'pattern': 'GHOST', 'dir': 'SHORT', 'entry': 7681.0, 'gate': 'location_gate', 'live_reason': 'Normal: SHORT fade at near_val — wrong location (LONG only at VAL-side, SHORT on', 'replay_min_hl2': (False, 'structure not turning (0/2 higher lows)'), 'replay_min_hl0': (False, 'has not left the zone (close 7685.0 vs 7684.75)'), 'late': 'rr_hard_floor'}
DBG {'date': '2026-08-31', 'ct': '11:27:51', 'pattern': 'ZLR', 'dir': 'LONG', 'entry': 7685.5, 'gate': 'awaiting_release', 'live_reason': 'waiting for the zone release — structure not turning (1/2 higher lows)', 'replay_min_hl2': (False, 'structure not turning (0/2 higher lows)'), 'replay_min_hl0': (False, 'has not left the zone (close 7682.5 vs 7682.75)'), 'late': 'entry_not_confirmed'}
DBG {'date': '2026-08-31', 'ct': '11:30:03', 'pattern': 'ZLR', 'dir': 'LONG', 'entry': 7687.0, 'gate': 'awaiting_release', 'live_reason': 'waiting for the zone release — left the zone without volume — not convincing', 'replay_min_hl2': (False, 'structure not turning (1/2 higher lows)'), 'replay_min_hl0': (True, 'released: 1 higher lows, vol 0.61 of the extreme, closed 7687.0 beyond'), 'late': None}
DBG {'date': '2026-08-31', 'ct': '11:35:00', 'pattern': 'ZLR', 'dir': 'LONG', 'entry': 7686.0, 'gate': 'awaiting_release', 'live_reason': 'waiting for the zone release — left the zone without volume — not convincing', 'replay_min_hl2': (True, 'released: 2 higher lows, vol 0.44 of the extreme, closed 7685.75 beyon'), 'replay_min_hl0': (True, 'released: 2 higher lows, vol 0.44 of the extreme, closed 7685.75 beyon'), 'late': 'entry_not_confirmed'}
DBG {'date': '2026-08-31', 'ct': '11:49:38', 'pattern': 'S2_DELTA_DBL_LONG', 'dir': 'LONG', 'entry': 7686.25, 'gate': 'awaiting_release', 'live_reason': 'waiting for the zone release — structure not turning (1/2 higher lows)', 'replay_min_hl2': (False, 'structure not turning (0/2 higher lows)'), 'replay_min_hl0': (False, 'still active in the zone (vol 0.98 > 0.75)'), 'late': 'rr_entry_gate'}
DBG {'date': '2026-08-31', 'ct': '12:10:01', 'pattern': 'REACTIVE_SHORT', 'dir': 'SHORT', 'entry': 7683.75, 'gate': 'location_gate', 'live_reason': 'Normal: SHORT fade at near_val — wrong location (LONG only at VAL-side, SHORT on', 'replay_min_hl2': (False, 'has not left the zone (close 7683.75 vs 7683.25)'), 'replay_min_hl0': (False, 'has not left the zone (close 7683.75 vs 7683.25)'), 'late': None}
DBG {'date': '2026-08-31', 'ct': '12:15:02', 'pattern': 'GB100', 'dir': 'LONG', 'entry': 7687.0, 'gate': 'awaiting_release', 'live_reason': 'waiting for the zone release — left the zone without volume — not convincing', 'replay_min_hl2': (False, 'structure not turning (1/2 higher lows)'), 'replay_min_hl0': (False, 'left the zone without volume — not convincing'), 'late': None}
DBG {'date': '2026-08-31', 'ct': '12:36:44', 'pattern': 'S2_DELTA_DBL_LONG', 'dir': 'LONG', 'entry': 7684.25, 'gate': 'awaiting_release', 'live_reason': 'waiting for the zone release — structure not turning (1/2 higher lows)', 'replay_min_hl2': (False, 'structure not turning (0/2 higher lows)'), 'replay_min_hl0': (False, 'still active in the zone (vol 0.80 > 0.75)'), 'late': 'entry_not_confirmed'}
DBG {'date': '2026-08-31', 'ct': '12:40:00', 'pattern': 'S2_DELTA_DBL_LONG', 'dir': 'LONG', 'entry': 7686.25, 'gate': 'awaiting_release', 'live_reason': 'waiting for the zone release — structure not turning (1/2 higher lows)', 'replay_min_hl2': (False, 'structure not turning (1/2 higher lows)'), 'replay_min_hl0': (False, 'still active in the zone (vol 0.88 > 0.75)'), 'late': 'rr_entry_gate'}
DBG {'date': '2026-08-31', 'ct': '12:45:04', 'pattern': 'DOUBLE_BOTTOM_EE_LONG', 'dir': 'LONG', 'entry': 7690.0, 'gate': 'awaiting_release', 'live_reason': 'waiting for the zone release — still active in the zone (vol 0.97 > 0.75)', 'replay_min_hl2': (False, 'still active in the zone (vol 0.97 > 0.75)'), 'replay_min_hl0': (False, 'still active in the zone (vol 0.97 > 0.75)'), 'late': 'rr_hard_floor'}
DBG {'date': '2026-08-31', 'ct': '12:49:17', 'pattern': 'S2_DELTA_DBL_LONG', 'dir': 'LONG', 'entry': 7692.5, 'gate': 'awaiting_release', 'live_reason': 'waiting for the zone release — still active in the zone (vol 0.91 > 0.75)', 'replay_min_hl2': (False, 'still active in the zone (vol 0.97 > 0.75)'), 'replay_min_hl0': (False, 'still active in the zone (vol 0.97 > 0.75)'), 'late': 'rr_entry_gate'}
DBG {'date': '2026-08-31', 'ct': '12:50:33', 'pattern': 'S2_DELTA_DBL_LONG', 'dir': 'LONG', 'entry': 7693.25, 'gate': 'awaiting_release', 'live_reason': 'waiting for the zone release — still active in the zone (vol 0.76 > 0.75)', 'replay_min_hl2': (False, 'still active in the zone (vol 0.96 > 0.75)'), 'replay_min_hl0': (False, 'still active in the zone (vol 0.96 > 0.75)'), 'late': 'rr_hard_floor'}
DBG {'date': '2026-08-31', 'ct': '12:55:01', 'pattern': 'S2_DELTA_DBL_LONG', 'dir': 'LONG', 'entry': 7695.5, 'gate': 'awaiting_release', 'live_reason': 'waiting for the zone release — still active in the zone (vol 1.10 > 0.75)', 'replay_min_hl2': (False, 'still active in the zone (vol 1.10 > 0.75)'), 'replay_min_hl0': (False, 'still active in the zone (vol 1.10 > 0.75)'), 'late': 'rr_hard_floor'}
DBG {'date': '2026-08-31', 'ct': '13:30:04', 'pattern': 'REACTIVE_SHORT', 'dir': 'SHORT', 'entry': 7690.75, 'gate': 'awaiting_release', 'live_reason': 'waiting for the zone release — only 2 bars since the extreme', 'replay_min_hl2': (False, 'only 1 bars since the extreme'), 'replay_min_hl0': (False, 'only 1 bars since the extreme'), 'late': None}
DBG {'date': '2026-09-01', 'ct': '08:30:07', 'pattern': 'ZLR', 'dir': 'SHORT', 'entry': 7644.75, 'gate': 'awaiting_release', 'live_reason': 'waiting for the zone release — structure not turning (1/2 higher lows)', 'replay_min_hl2': (False, 'structure not turning (0/2 higher lows)'), 'replay_min_hl0': (False, 'still active in the zone (vol 2.33 > 0.75)'), 'late': None}
DBG {'date': '2026-09-01', 'ct': '08:40:04', 'pattern': 'ZLR', 'dir': 'SHORT', 'entry': 7644.5, 'gate': 'awaiting_release', 'live_reason': 'waiting for the zone release — structure not turning (1/2 higher lows)', 'replay_min_hl2': (False, 'structure not turning (0/2 higher lows)'), 'replay_min_hl0': (False, 'still active in the zone (vol 11.29 > 0.75)'), 'late': None}
DBG {'date': '2026-09-01', 'ct': '08:50:05', 'pattern': 'GB100', 'dir': 'LONG', 'entry': 7649.75, 'gate': 'awaiting_release', 'live_reason': 'waiting for the zone release — left the zone without volume — not convincing', 'replay_min_hl2': (False, 'structure not turning (1/2 higher lows)'), 'replay_min_hl0': (False, 'left the zone without volume — not convincing'), 'late': None}
DBG {'date': '2026-09-01', 'ct': '08:54:18', 'pattern': 'ZLR', 'dir': 'SHORT', 'entry': 7643.0, 'gate': 'awaiting_release', 'live_reason': 'waiting for the zone release — structure not turning (0/2 higher lows)', 'replay_min_hl2': (False, 'structure not turning (0/2 higher lows)'), 'replay_min_hl0': (False, 'still active in the zone (vol 16.94 > 0.75)'), 'late': 'entry_not_confirmed'}
DBG {'date': '2026-09-01', 'ct': '08:55:02', 'pattern': 'ZLR', 'dir': 'SHORT', 'entry': 7644.75, 'gate': 'awaiting_release', 'live_reason': 'waiting for the zone release — structure not turning (1/2 higher lows)', 'replay_min_hl2': (False, 'structure not turning (0/2 higher lows)'), 'replay_min_hl0': (False, 'still active in the zone (vol 3.92 > 0.75)'), 'late': None}
DBG {'date': '2026-09-01', 'ct': '08:55:02', 'pattern': 'DALTON_EDGE_SHORT', 'dir': 'SHORT', 'entry': 7645.25, 'gate': 'awaiting_release', 'live_reason': 'waiting for the zone release — structure not turning (1/2 higher lows)', 'replay_min_hl2': (False, 'structure not turning (0/2 higher lows)'), 'replay_min_hl0': (False, 'still active in the zone (vol 3.92 > 0.75)'), 'late': None}
DBG {'date': '2026-09-01', 'ct': '09:00:04', 'pattern': 'GB100', 'dir': 'LONG', 'entry': 7648.0, 'gate': 'awaiting_release', 'live_reason': 'waiting for the zone release — structure not turning (1/2 higher lows)', 'replay_min_hl2': (False, 'structure not turning (0/2 higher lows)'), 'replay_min_hl0': (False, 'left the zone without volume — not convincing'), 'late': None}
DBG {'date': '2026-09-01', 'ct': '10:10:05', 'pattern': 'GB100', 'dir': 'SHORT', 'entry': 7655.0, 'gate': 'awaiting_release', 'live_reason': 'waiting for the zone release — left the zone without volume — not convincing', 'replay_min_hl2': (False, 'still active in the zone (vol 0.85 > 0.75)'), 'replay_min_hl0': (False, 'still active in the zone (vol 0.85 > 0.75)'), 'late': None}
DBG {'date': '2026-09-01', 'ct': '10:15:05', 'pattern': 'TREND_STEP', 'dir': 'SHORT', 'entry': 7656.5, 'gate': 'awaiting_release', 'live_reason': 'waiting for the zone release — structure not turning (1/2 higher lows)', 'replay_min_hl2': (False, 'structure not turning (0/2 higher lows)'), 'replay_min_hl0': (False, 'still active in the zone (vol 0.86 > 0.75)'), 'late': 'entry_not_confirmed'}
DBG {'date': '2026-09-01', 'ct': '10:57:55', 'pattern': 'S2_DELTA_DBL_SHORT', 'dir': 'SHORT', 'entry': 7669.25, 'gate': 'awaiting_release', 'live_reason': 'waiting for the zone release — only 1 bars since the extreme', 'replay_min_hl2': (False, 'only 0 bars since the extreme'), 'replay_min_hl0': (False, 'only 0 bars since the extreme'), 'late': 'rr_entry_gate'}
DBG {'date': '2026-09-01', 'ct': '11:02:28', 'pattern': 'S2_DELTA_DBL_SHORT', 'dir': 'SHORT', 'entry': 7668.0, 'gate': 'awaiting_release', 'live_reason': 'waiting for the zone release — only 2 bars since the extreme', 'replay_min_hl2': (False, 'only 1 bars since the extreme'), 'replay_min_hl0': (False, 'only 1 bars since the extreme'), 'late': 'rr_entry_gate'}
DBG {'date': '2026-09-01', 'ct': '11:20:01', 'pattern': 'GB100', 'dir': 'SHORT', 'entry': 7657.0, 'gate': 'awaiting_release', 'live_reason': 'waiting for the zone release — left the zone without volume — not convincing', 'replay_min_hl2': (False, 'still active in the zone (vol 1.04 > 0.75)'), 'replay_min_hl0': (False, 'still active in the zone (vol 1.04 > 0.75)'), 'late': None}
DBG {'date': '2026-09-01', 'ct': '12:35:03', 'pattern': 'REACTIVE_LONG', 'dir': 'LONG', 'entry': 7646.5, 'gate': 'awaiting_release', 'live_reason': 'waiting for the zone release — only 2 bars since the extreme', 'replay_min_hl2': (False, 'only 1 bars since the extreme'), 'replay_min_hl0': (False, 'only 1 bars since the extreme'), 'late': None}
DBG {'date': '2026-09-01', 'ct': '13:05:04', 'pattern': 'ZLR', 'dir': 'SHORT', 'entry': 7642.75, 'gate': 'awaiting_release', 'live_reason': 'waiting for the zone release — structure not turning (1/2 higher lows)', 'replay_min_hl2': (False, 'structure not turning (0/2 higher lows)'), 'replay_min_hl0': (True, 'released: 0 higher lows, vol 0.72 of the extreme, closed 7643.0 beyond'), 'late': None}
DBG {'date': '2026-09-01', 'ct': '13:10:50', 'pattern': 'ZLR', 'dir': 'SHORT', 'entry': 7641.75, 'gate': 'awaiting_release', 'live_reason': 'waiting for the zone release — structure not turning (0/2 higher lows)', 'replay_min_hl2': (False, 'structure not turning (1/2 higher lows)'), 'replay_min_hl0': (False, 'left the zone without volume — not convincing'), 'late': None}
DBG {'date': '2026-09-01', 'ct': '13:15:03', 'pattern': 'DOUBLE_TOP_AA_SHORT', 'dir': 'SHORT', 'entry': 7640.25, 'gate': 'location_gate', 'live_reason': 'Neutral_Extreme: SHORT fade at near_val — wrong location (LONG only at VAL-side,', 'replay_min_hl2': (False, 'structure not turning (0/2 higher lows)'), 'replay_min_hl0': (False, 'left the zone without volume — not convincing'), 'late': 'rr_entry_gate'}
DBG {'date': '2026-09-01', 'ct': '13:25:05', 'pattern': 'ZLR', 'dir': 'SHORT', 'entry': 7641.5, 'gate': 'awaiting_release', 'live_reason': 'waiting for the zone release — structure not turning (1/2 higher lows)', 'replay_min_hl2': (False, 'structure not turning (0/2 higher lows)'), 'replay_min_hl0': (False, 'left the zone without volume — not convincing'), 'late': None}
DBG {'date': '2026-09-01', 'ct': '13:35:04', 'pattern': 'REACTIVE_SHORT', 'dir': 'SHORT', 'entry': 7634.5, 'gate': 'location_gate', 'live_reason': 'Neutral_Extreme: SHORT fade at near_val — wrong location (LONG only at VAL-side,', 'replay_min_hl2': (False, 'still active in the zone (vol 1.00 > 0.75)'), 'replay_min_hl0': (False, 'still active in the zone (vol 1.00 > 0.75)'), 'late': None}
DBG {'date': '2026-09-01', 'ct': '14:05:04', 'pattern': 'FAMIR', 'dir': 'LONG', 'entry': 7638.5, 'gate': 'awaiting_release', 'live_reason': 'waiting for the zone release — left the zone without volume — not convincing', 'replay_min_hl2': (True, 'released: 3 higher lows, vol 0.69 of the extreme, closed 7638.5 beyond'), 'replay_min_hl0': (True, 'released: 3 higher lows, vol 0.69 of the extreme, closed 7638.5 beyond'), 'late': None}
DBG {'date': '2026-09-02', 'ct': '08:30:04', 'pattern': 'DALTON_EDGE_SHORT', 'dir': 'SHORT', 'entry': 7650.25, 'gate': 'awaiting_release', 'live_reason': 'waiting for the zone release — structure not turning (0/2 higher lows)', 'replay_min_hl2': (False, 'structure not turning (0/2 higher lows)'), 'replay_min_hl0': (True, 'released: 0 higher lows, vol 0.57 of the extreme, closed 7650.25 beyon'), 'late': None}
DBG {'date': '2026-09-02', 'ct': '08:35:06', 'pattern': 'ZLR', 'dir': 'LONG', 'entry': 7648.75, 'gate': 'awaiting_release', 'live_reason': 'waiting for the zone release — structure not turning (1/2 higher lows)', 'replay_min_hl2': (False, 'structure not turning (0/2 higher lows)'), 'replay_min_hl0': (False, 'still active in the zone (vol 6.07 > 0.75)'), 'late': None}
DBG {'date': '2026-09-02', 'ct': '08:40:10', 'pattern': 'ZLR', 'dir': 'LONG', 'entry': 7649.0, 'gate': 'awaiting_release', 'live_reason': 'waiting for the zone release — structure not turning (1/2 higher lows)', 'replay_min_hl2': (False, 'structure not turning (0/2 higher lows)'), 'replay_min_hl0': (False, 'still active in the zone (vol 8.03 > 0.75)'), 'late': None}
DBG {'date': '2026-09-02', 'ct': '08:45:03', 'pattern': 'FAILED_BREAK_LONG', 'dir': 'LONG', 'entry': 7654.5, 'gate': 'awaiting_release', 'live_reason': 'waiting for the zone release — still active in the zone (vol 11.10 > 0.75)', 'replay_min_hl2': (False, 'structure not turning (1/2 higher lows)'), 'replay_min_hl0': (False, 'still active in the zone (vol 20.63 > 0.75)'), 'late': None}
DBG {'date': '2026-09-02', 'ct': '08:53:24', 'pattern': 'ZLR', 'dir': 'LONG', 'entry': 7652.0, 'gate': 'awaiting_release', 'live_reason': 'waiting for the zone release — structure not turning (1/2 higher lows)', 'replay_min_hl2': (False, 'structure not turning (0/2 higher lows)'), 'replay_min_hl0': (False, 'still active in the zone (vol 17.77 > 0.75)'), 'late': 'entry_not_confirmed'}
DBG {'date': '2026-09-02', 'ct': '08:55:02', 'pattern': 'ZLR', 'dir': 'LONG', 'entry': 7650.5, 'gate': 'awaiting_release', 'live_reason': 'waiting for the zone release — still active in the zone (vol 4.00 > 0.75)', 'replay_min_hl2': (False, 'structure not turning (1/2 higher lows)'), 'replay_min_hl0': (False, 'still active in the zone (vol 6.00 > 0.75)'), 'late': None}
DBG {'date': '2026-09-02', 'ct': '09:55:03', 'pattern': 'CEILING_FLIP_SHORT', 'dir': 'SHORT', 'entry': 7680.75, 'gate': 'awaiting_release', 'live_reason': 'waiting for the zone release — only 1 bars since the extreme', 'replay_min_hl2': (False, 'only 1 bars since the extreme'), 'replay_min_hl0': (False, 'only 1 bars since the extreme'), 'late': 'rr_entry_gate'}
DBG {'date': '2026-09-02', 'ct': '11:10:16', 'pattern': 'ZLR', 'dir': 'SHORT', 'entry': 7683.25, 'gate': 'awaiting_release', 'live_reason': 'waiting for the zone release — has not left the zone (close 7683.25 vs 7683.25)', 'replay_min_hl2': (False, 'still active in the zone (vol 0.77 > 0.75)'), 'replay_min_hl0': (False, 'still active in the zone (vol 0.77 > 0.75)'), 'late': None}
DBG {'date': '2026-09-02', 'ct': '11:15:02', 'pattern': 'ZLR', 'dir': 'SHORT', 'entry': 7683.25, 'gate': 'awaiting_release', 'live_reason': 'waiting for the zone release — has not left the zone (close 7683.25 vs 7683.25)', 'replay_min_hl2': (False, 'has not left the zone (close 7683.25 vs 7683.25)'), 'replay_min_hl0': (False, 'has not left the zone (close 7683.25 vs 7683.25)'), 'late': None}
DBG {'date': '2026-09-02', 'ct': '11:20:04', 'pattern': 'ZLR', 'dir': 'SHORT', 'entry': 7681.0, 'gate': 'awaiting_release', 'live_reason': 'waiting for the zone release — left the zone without volume — not convincing', 'replay_min_hl2': (True, 'released: 4 higher lows, vol 0.52 of the extreme, closed 7680.75 beyon'), 'replay_min_hl0': (True, 'released: 4 higher lows, vol 0.52 of the extreme, closed 7680.75 beyon'), 'late': None}
DBG {'date': '2026-09-02', 'ct': '11:55:04', 'pattern': 'GHOST', 'dir': 'LONG', 'entry': 7678.25, 'gate': 'location_gate', 'live_reason': 'Variation: LONG fade at mid_value — wrong location (LONG only at VAL-side, SHORT', 'replay_min_hl2': (False, 'structure not turning (0/2 higher lows)'), 'replay_min_hl0': (False, 'has not left the zone (close 7678.25 vs 7681.0)'), 'late': 'rr_hard_floor'}
DBG {'date': '2026-09-02', 'ct': '12:05:14', 'pattern': 'GHOST', 'dir': 'LONG', 'entry': 7680.5, 'gate': 'location_gate', 'live_reason': 'Variation: LONG fade at mid_value — wrong location (LONG only at VAL-side, SHORT', 'replay_min_hl2': (False, 'has not left the zone (close 7681.0 vs 7681.0)'), 'replay_min_hl0': (False, 'has not left the zone (close 7681.0 vs 7681.0)'), 'late': 'rr_hard_floor'}
DBG {'date': '2026-09-02', 'ct': '13:45:07', 'pattern': 'GB100', 'dir': 'SHORT', 'entry': 7674.75, 'gate': 'awaiting_release', 'live_reason': 'waiting for the zone release — left the zone without volume — not convincing', 'replay_min_hl2': (False, 'left the zone without volume — not convincing'), 'replay_min_hl0': (False, 'left the zone without volume — not convincing'), 'late': None}
DBG {'date': '2026-09-03', 'ct': '09:00:08', 'pattern': 'TREND_STEP', 'dir': 'LONG', 'entry': 7722.0, 'gate': 'entry_location_quality', 'live_reason': 'chaser: pos=0.80 > 0.66 (top 34% of leg, no pullback)', 'replay_min_hl2': (False, 'structure not turning (0/2 higher lows)'), 'replay_min_hl0': (True, 'released (V-reversal): 0 higher lows, closed a full zone beyond (7722.'), 'late': None}
DBG {'date': '2026-09-03', 'ct': '09:15:03', 'pattern': 'VA_FADE_LONG', 'dir': 'LONG', 'entry': 7708.75, 'gate': 'awaiting_release', 'live_reason': 'waiting for the zone release — structure not turning (1/2 higher lows)', 'replay_min_hl2': (False, 'structure not turning (0/2 higher lows)'), 'replay_min_hl0': (True, 'released (V-reversal): 0 higher lows, closed a full zone beyond (7709.'), 'late': None}
DBG {'date': '2026-09-03', 'ct': '09:15:54', 'pattern': 'ZLR', 'dir': 'LONG', 'entry': 7712.5, 'gate': 'awaiting_release', 'live_reason': 'waiting for the zone release — structure not turning (1/2 higher lows)', 'replay_min_hl2': (False, 'structure not turning (0/2 higher lows)'), 'replay_min_hl0': (True, 'released (V-reversal): 0 higher lows, closed a full zone beyond (7709.'), 'late': None}
DBG {'date': '2026-09-03', 'ct': '09:20:02', 'pattern': 'TREND_STEP', 'dir': 'SHORT', 'entry': 7714.0, 'gate': 'awaiting_release', 'live_reason': 'waiting for the zone release — structure not turning (1/2 higher lows)', 'replay_min_hl2': (False, 'structure not turning (0/2 higher lows)'), 'replay_min_hl0': (False, 'still active in the zone (vol 1.17 > 0.75)'), 'late': 'entry_not_confirmed'}
DBG {'date': '2026-09-03', 'ct': '09:30:02', 'pattern': 'INITIATIVE_LONG', 'dir': 'LONG', 'entry': 7712.75, 'gate': 'cont_trend_filter', 'live_reason': 'INITIATIVE_LONG (CONT) setup UP vs sustained DOWN', 'replay_min_hl2': (False, 'structure not turning (0/2 higher lows)'), 'replay_min_hl0': (True, 'released (V-reversal): 0 higher lows, closed a full zone beyond (7712.'), 'late': 'entry_not_confirmed'}
DBG {'date': '2026-09-03', 'ct': '09:50:02', 'pattern': 'ZLR', 'dir': 'LONG', 'entry': 7713.0, 'gate': 'awaiting_release', 'live_reason': 'waiting for the zone release — structure not turning (1/2 higher lows)', 'replay_min_hl2': (False, 'structure not turning (0/2 higher lows)'), 'replay_min_hl0': (False, 'still active in the zone (vol 3.38 > 0.75)'), 'late': None}
DBG {'date': '2026-09-03', 'ct': '10:00:01', 'pattern': 'GB100', 'dir': 'LONG', 'entry': 7718.25, 'gate': 'entry_location_quality', 'live_reason': 'chaser: pos=0.71 > 0.66 (top 34% of leg, no pullback)', 'replay_min_hl2': (False, 'structure not turning (0/2 higher lows)'), 'replay_min_hl0': (True, 'released (V-reversal): 0 higher lows, closed a full zone beyond (7718.'), 'late': None}
DBG {'date': '2026-09-03', 'ct': '10:02:34', 'pattern': 'S2_DELTA_DBL_LONG', 'dir': 'LONG', 'entry': 7722.5, 'gate': 'entry_location_quality', 'live_reason': 'chaser: pos=0.86 > 0.66 (top 34% of leg, no pullback)', 'replay_min_hl2': (False, 'structure not turning (0/2 higher lows)'), 'replay_min_hl0': (True, 'released (V-reversal): 0 higher lows, closed a full zone beyond (7718.'), 'late': 'rr_entry_gate'}
DBG {'date': '2026-09-03', 'ct': '11:10:05', 'pattern': 'CEILING_FLIP_SHORT', 'dir': 'SHORT', 'entry': 7751.25, 'gate': 'awaiting_release', 'live_reason': 'waiting for the zone release — still active in the zone (vol 0.86 > 0.75)', 'replay_min_hl2': (False, 'only 2 bars since the extreme'), 'replay_min_hl0': (False, 'only 2 bars since the extreme'), 'late': None}
DBG {'date': '2026-09-03', 'ct': '11:30:03', 'pattern': 'GB100', 'dir': 'SHORT', 'entry': 7750.0, 'gate': 'awaiting_release', 'live_reason': 'waiting for the zone release — left the zone without volume — not convincing', 'replay_min_hl2': (False, 'still active in the zone (vol 0.80 > 0.75)'), 'replay_min_hl0': (False, 'still active in the zone (vol 0.80 > 0.75)'), 'late': None}
DBG {'date': '2026-09-03', 'ct': '11:51:16', 'pattern': 'S2_DELTA_DBL_SHORT', 'dir': 'SHORT', 'entry': 7755.0, 'gate': 'awaiting_release', 'live_reason': 'waiting for the zone release — structure not turning (1/2 higher lows)', 'replay_min_hl2': (False, 'structure not turning (0/2 higher lows)'), 'replay_min_hl0': (False, 'still active in the zone (vol 0.99 > 0.75)'), 'late': 'rr_entry_gate'}
DBG {'date': '2026-09-03', 'ct': '11:55:00', 'pattern': 'S2_DELTA_DBL_SHORT', 'dir': 'SHORT', 'entry': 7754.5, 'gate': 'awaiting_release', 'live_reason': 'waiting for the zone release — structure not turning (1/2 higher lows)', 'replay_min_hl2': (False, 'structure not turning (1/2 higher lows)'), 'replay_min_hl0': (False, 'still active in the zone (vol 0.82 > 0.75)'), 'late': 'rr_entry_gate'}
DBG {'date': '2026-09-03', 'ct': '11:55:03', 'pattern': 'REACTIVE_SHORT', 'dir': 'SHORT', 'entry': 7754.5, 'gate': 'awaiting_release', 'live_reason': 'waiting for the zone release — structure not turning (1/2 higher lows)', 'replay_min_hl2': (False, 'structure not turning (1/2 higher lows)'), 'replay_min_hl0': (False, 'still active in the zone (vol 0.82 > 0.75)'), 'late': None}
DBG {'date': '2026-09-03', 'ct': '12:08:36', 'pattern': 'S2_DELTA_DBL_SHORT', 'dir': 'SHORT', 'entry': 7751.25, 'gate': 'awaiting_release', 'live_reason': 'waiting for the zone release — left the zone without volume — not convincing', 'replay_min_hl2': (False, 'has not left the zone (close 7753.75 vs 7751.75)'), 'replay_min_hl0': (False, 'has not left the zone (close 7753.75 vs 7751.75)'), 'late': 'rr_entry_gate'}
DBG {'date': '2026-09-03', 'ct': '12:10:03', 'pattern': 'GB100', 'dir': 'SHORT', 'entry': 7750.0, 'gate': 'awaiting_release', 'live_reason': 'waiting for the zone release — left the zone without volume — not convincing', 'replay_min_hl2': (True, 'released: 4 higher lows, vol 0.59 of the extreme, closed 7750.0 beyond'), 'replay_min_hl0': (True, 'released: 4 higher lows, vol 0.59 of the extreme, closed 7750.0 beyond'), 'late': None}
DBG {'date': '2026-09-03', 'ct': '13:43:35', 'pattern': 'S2_DELTA_DBL_SHORT', 'dir': 'SHORT', 'entry': 7761.0, 'gate': 'awaiting_release', 'live_reason': 'waiting for the zone release — structure not turning (1/2 higher lows)', 'replay_min_hl2': (False, 'structure not turning (0/2 higher lows)'), 'replay_min_hl0': (False, 'has not left the zone (close 7764.0 vs 7758.25)'), 'late': 'rr_entry_gate'}
DBG {'date': '2026-09-03', 'ct': '13:57:28', 'pattern': 'S2_DELTA_DBL_SHORT', 'dir': 'SHORT', 'entry': 7760.25, 'gate': 'awaiting_release', 'live_reason': 'waiting for the zone release — structure not turning (1/2 higher lows)', 'replay_min_hl2': (False, 'structure not turning (0/2 higher lows)'), 'replay_min_hl0': (False, 'has not left the zone (close 7762.0 vs 7758.25)'), 'late': 'rr_entry_gate'}
DBG {'date': '2026-09-03', 'ct': '14:05:03', 'pattern': 'GB100', 'dir': 'SHORT', 'entry': 7761.5, 'gate': 'awaiting_release', 'live_reason': 'waiting for the zone release — structure not turning (1/2 higher lows)', 'replay_min_hl2': (False, 'structure not turning (0/2 higher lows)'), 'replay_min_hl0': (False, 'has not left the zone (close 7761.75 vs 7758.25)'), 'late': None}
DBG {'date': '2026-09-03', 'ct': '14:14:30', 'pattern': 'S2_DELTA_DBL_SHORT', 'dir': 'SHORT', 'entry': 7759.5, 'gate': 'awaiting_release', 'live_reason': 'waiting for the zone release — has not left the zone (close 7759.5 vs 7758.25)', 'replay_min_hl2': (False, 'structure not turning (1/2 higher lows)'), 'replay_min_hl0': (False, 'has not left the zone (close 7761.5 vs 7758.25)'), 'late': 'rr_entry_gate'}
DBG {'date': '2026-09-04', 'ct': '08:35:05', 'pattern': 'GB100', 'dir': 'LONG', 'entry': 7748.5, 'gate': 'awaiting_release', 'live_reason': 'waiting for the zone release — still active in the zone (vol 2.03 > 0.75)', 'replay_min_hl2': (False, 'still active in the zone (vol 2.23 > 0.75)'), 'replay_min_hl0': (False, 'still active in the zone (vol 2.23 > 0.75)'), 'late': None}
DBG {'date': '2026-09-04', 'ct': '08:45:01', 'pattern': 'FAILED_BREAK_SHORT', 'dir': 'SHORT', 'entry': 7743.5, 'gate': 'awaiting_release', 'live_reason': 'waiting for the zone release — structure not turning (1/2 higher lows)', 'replay_min_hl2': (False, 'structure not turning (1/2 higher lows)'), 'replay_min_hl0': (True, 'released (V-reversal): 1 higher lows, closed a full zone beyond (7743.'), 'late': None}
DBG {'date': '2026-09-04', 'ct': '08:47:16', 'pattern': 'GHOST', 'dir': 'LONG', 'entry': 7746.0, 'gate': 'awaiting_release', 'live_reason': 'waiting for the zone release — structure not turning (1/2 higher lows)', 'replay_min_hl2': (False, 'structure not turning (0/2 higher lows)'), 'replay_min_hl0': (False, 'still active in the zone (vol 3.93 > 0.75)'), 'late': 'rr_entry_gate'}
DBG {'date': '2026-09-04', 'ct': '08:50:04', 'pattern': 'FAILED_BREAK_LONG', 'dir': 'LONG', 'entry': 7747.25, 'gate': 'awaiting_release', 'live_reason': 'waiting for the zone release — structure not turning (1/2 higher lows)', 'replay_min_hl2': (False, 'structure not turning (1/2 higher lows)'), 'replay_min_hl0': (False, 'still active in the zone (vol 3.07 > 0.75)'), 'late': None}
DBG {'date': '2026-09-04', 'ct': '09:10:03', 'pattern': 'GB100', 'dir': 'SHORT', 'entry': 7737.0, 'gate': 'extreme_chase_guard', 'live_reason': 'SHORT entry 7737.00 too close to session_low 7736.75 (dist=0.25 < 6.0)', 'replay_min_hl2': (True, 'released (V-reversal): 2 higher lows, closed a full zone beyond (7737.'), 'replay_min_hl0': (True, 'released (V-reversal): 2 higher lows, closed a full zone beyond (7737.'), 'late': None}
DBG {'date': '2026-09-04', 'ct': '09:15:02', 'pattern': 'VA_FADE_LONG', 'dir': 'LONG', 'entry': 7738.5, 'gate': 'awaiting_release', 'live_reason': 'waiting for the zone release — only 0 bars since the extreme', 'replay_min_hl2': (False, 'only 0 bars since the extreme'), 'replay_min_hl0': (False, 'only 0 bars since the extreme'), 'late': None}
DBG {'date': '2026-09-04', 'ct': '09:15:03', 'pattern': 'DALTON_EDGE_LONG', 'dir': 'LONG', 'entry': 7738.25, 'gate': 'awaiting_release', 'live_reason': 'waiting for the zone release — only 0 bars since the extreme', 'replay_min_hl2': (False, 'only 0 bars since the extreme'), 'replay_min_hl0': (False, 'only 0 bars since the extreme'), 'late': None}
DBG {'date': '2026-09-04', 'ct': '10:42:24', 'pattern': 'S2_DELTA_DBL_LONG', 'dir': 'LONG', 'entry': 7721.0, 'gate': 'awaiting_release', 'live_reason': 'waiting for the zone release — only 2 bars since the extreme', 'replay_min_hl2': (False, 'only 1 bars since the extreme'), 'replay_min_hl0': (False, 'only 1 bars since the extreme'), 'late': 'rr_entry_gate'}
DBG {'date': '2026-09-04', 'ct': '10:45:00', 'pattern': 'S2_DELTA_DBL_LONG', 'dir': 'LONG', 'entry': 7722.0, 'gate': 'awaiting_release', 'live_reason': 'waiting for the zone release — only 2 bars since the extreme', 'replay_min_hl2': (False, 'only 2 bars since the extreme'), 'replay_min_hl0': (False, 'only 2 bars since the extreme'), 'late': 'rr_entry_gate'}
DBG {'date': '2026-09-04', 'ct': '13:15:02', 'pattern': 'CEILING_FLIP_LONG', 'dir': 'LONG', 'entry': 7718.25, 'gate': 'awaiting_release', 'live_reason': 'waiting for the zone release — structure not turning (1/2 higher lows)', 'replay_min_hl2': (False, 'structure not turning (1/2 higher lows)'), 'replay_min_hl0': (False, 'still active in the zone (vol 0.76 > 0.75)'), 'late': 'rr_entry_gate'}
DBG {'date': '2026-09-04', 'ct': '13:21:56', 'pattern': 'S2_DELTA_DBL_LONG', 'dir': 'LONG', 'entry': 7721.25, 'gate': 'awaiting_release', 'live_reason': 'waiting for the zone release — has not left the zone (close 7720.75 vs 7720.75)', 'replay_min_hl2': (False, 'has not left the zone (close 7719.5 vs 7720.75)'), 'replay_min_hl0': (False, 'has not left the zone (close 7719.5 vs 7720.75)'), 'late': 'rr_hard_floor'}
DBG {'date': '2026-09-04', 'ct': '13:25:01', 'pattern': 'INITIATIVE_LONG', 'dir': 'LONG', 'entry': 7720.75, 'gate': 'awaiting_release', 'live_reason': 'waiting for the zone release — has not left the zone (close 7720.75 vs 7720.75)', 'replay_min_hl2': (False, 'has not left the zone (close 7720.5 vs 7720.75)'), 'replay_min_hl0': (False, 'has not left the zone (close 7720.5 vs 7720.75)'), 'late': None}
DBG {'date': '2026-09-04', 'ct': '13:34:07', 'pattern': 'S2_DELTA_DBL_LONG', 'dir': 'LONG', 'entry': 7722.0, 'gate': 'awaiting_release', 'live_reason': 'waiting for the zone release — left the zone without volume — not convincing', 'replay_min_hl2': (False, 'has not left the zone (close 7720.5 vs 7720.75)'), 'replay_min_hl0': (False, 'has not left the zone (close 7720.5 vs 7720.75)'), 'late': 'rr_hard_floor'}
