[env_loader] applied 327 vars from /Users/michael/Downloads/mems26_web_git/.env | HFE_DISABLED=1 NONTREND_DISABLE_ALL=1 DIRECTION_LSMA_VETO=1 S1_NEW_CLASSIFIER=1 ZLR_SPEC_V2=1 VEGAS_SPEC_V2=1 DAYTYPE_POSITION_GATE=0 DAYTYPE_PLAYBOOK=1
Wrote /Users/michael/Downloads/mems26_web_git/harness_out/setups/hits.json (153 hits)

Setup Engine Report — T-411
Total hits: 153

  DBL_BOTTOM_ABS:
    N=87  LONG=52  SHORT=35
    phases: {'D': 33, 'C': 52, 'B': 2}
    trades=71  avg $/trade=-2.75  total=-195.15

  ROTATION_BREAK:
    N=66  LONG=27  SHORT=39
    phases: {'D': 25, 'C': 39, 'B': 2}
    trades=51  avg $/trade=-0.21  total=-10.70

session      setup                dir   trigger     entry      stop        T1        T2    $/trade
-----------------------------------------------------------------------------------------------
2026-06-15   DBL_BOTTOM_ABS       SHORT 22:25    7625.00   7636.50   7610.38   7608.25     -45.10
2026-06-24   DBL_BOTTOM_ABS       SHORT 18:05    7481.25   7496.75   7464.50   7414.00       skip
2026-06-25   DBL_BOTTOM_ABS       LONG  20:55    7429.50   7410.25   7440.25   7456.00       skip
2026-06-25   DBL_BOTTOM_ABS       LONG  21:15    7443.75   7408.00   7467.50   7490.50       skip
2026-06-25   ROTATION_BREAK       LONG  21:15    7443.75   7408.00   7462.75   7467.50       skip
2026-06-25   DBL_BOTTOM_ABS       LONG  21:25    7454.25   7408.00   7467.50   7490.50       skip
2026-06-25   DBL_BOTTOM_ABS       LONG  22:55    7428.50   7408.50   7440.25   7440.75       skip
2026-06-29   DBL_BOTTOM_ABS       SHORT 22:50    7492.75   7500.75   7467.12   7458.75     -27.60
2026-06-30   DBL_BOTTOM_ABS       SHORT 17:45    7526.25   7542.00   7511.38   7495.75       skip
2026-06-30   DBL_BOTTOM_ABS       SHORT 20:10    7553.75   7559.75   7511.38   7500.25     -62.60
2026-06-30   DBL_BOTTOM_ABS       SHORT 22:25    7561.50   7568.00   7511.38   7500.25      97.40
2026-07-01   DBL_BOTTOM_ABS       SHORT 18:30    7570.75   7578.75   7553.25   7501.50     -82.60
2026-07-01   DBL_BOTTOM_ABS       SHORT 22:25    7553.75   7562.00   7553.25   7524.25      -0.10
2026-07-01   ROTATION_BREAK       SHORT 22:25    7553.75   7562.00   7552.25   7524.25       4.90
2026-07-01   DBL_BOTTOM_ABS       SHORT 22:35    7552.50   7562.00   7524.25   7521.50     202.40
2026-07-02   ROTATION_BREAK       SHORT 20:00    7488.50   7514.00   7481.75   7465.75       skip
2026-07-02   ROTATION_BREAK       SHORT 20:35    7487.00   7502.25   7480.50   7469.75       skip
2026-07-02   DBL_BOTTOM_ABS       LONG  21:05    7504.00   7479.50   7533.25   7553.75       skip
2026-07-02   ROTATION_BREAK       SHORT 22:00    7495.75   7515.00   7483.25   7482.00       skip
2026-07-06   DBL_BOTTOM_ABS       SHORT 19:25    7585.75   7591.25   7563.12   7561.50     -57.60
2026-07-06   DBL_BOTTOM_ABS       SHORT 20:30    7582.25   7595.00   7563.12   7561.50    -130.10
2026-07-07   DBL_BOTTOM_ABS       LONG  22:30    7549.00   7536.50   7566.00   7574.00      37.40
2026-07-07   DBL_BOTTOM_ABS       LONG  22:50    7554.75   7536.50   7566.00   7574.00       skip
2026-07-07   ROTATION_BREAK       LONG  22:50    7554.75   7536.50   7562.75   7566.00       skip
2026-07-08   DBL_BOTTOM_ABS       LONG  19:00    7487.00   7469.00   7513.25   7524.75       skip
2026-07-08   ROTATION_BREAK       LONG  20:20    7529.75   7510.75   7539.50   7566.75       skip
2026-07-08   DBL_BOTTOM_ABS       SHORT 20:35    7528.00   7536.75   7513.25   7493.50      19.90
2026-07-08   DBL_BOTTOM_ABS       SHORT 20:40    7524.75   7536.75   7513.25   7493.50     -12.60
2026-07-09   ROTATION_BREAK       LONG  22:15    7587.50   7580.75   7591.00   7596.00       7.40
2026-07-09   DBL_BOTTOM_ABS       SHORT 22:50    7582.75   7589.25   7548.38   7547.25     -67.60
2026-07-09   ROTATION_BREAK       SHORT 22:50    7582.75   7589.25   7577.50   7548.38     -67.60
2026-07-13   DBL_BOTTOM_ABS       LONG  20:40    7571.50   7563.25   7586.50   7592.50     -85.10
2026-07-14   DBL_BOTTOM_ABS       SHORT 22:00    7589.50   7598.50   7576.25   7571.25      -2.60
2026-07-15   ROTATION_BREAK       LONG  19:45    7610.50   7593.25   7616.50   7619.00       skip
2026-07-20   DBL_BOTTOM_ABS       LONG  19:45    7506.00   7498.75   7510.00   7533.00      17.40
2026-07-30   ROTATION_BREAK       LONG  20:00    7453.75   7430.75   7460.50   7475.25       skip
2026-07-30   DBL_BOTTOM_ABS       SHORT 20:30    7449.00   7456.75   7419.88   7404.50     -80.10
2026-07-30   DBL_BOTTOM_ABS       SHORT 20:35    7447.50   7456.75   7419.88   7404.50     -95.10
2026-07-31   ROTATION_BREAK       LONG  22:15    7526.75   7509.00   7525.25   7533.25       skip
2026-08-03   ROTATION_BREAK       LONG  22:00    7637.00   7626.00   7642.25   7650.25    -112.60
2026-08-04   DBL_BOTTOM_ABS       SHORT 19:05    7736.00   7742.00   7671.38   7669.75     -62.60
2026-08-05   DBL_BOTTOM_ABS       LONG  19:25    7772.25   7750.25   7772.75   7807.50       skip
2026-08-05   ROTATION_BREAK       SHORT 21:30    7765.25   7775.00   7757.25   7748.00      37.40
2026-08-06   ROTATION_BREAK       SHORT 18:15    7739.25   7762.75   7728.50   7727.75       skip
2026-08-06   ROTATION_BREAK       LONG  22:00    7745.50   7734.25   7751.00   7753.00    -115.10
2026-08-07   ROTATION_BREAK       LONG  18:20    7783.00   7769.00   7794.25   7806.75    -142.60
2026-08-07   ROTATION_BREAK       SHORT 19:20    7770.00   7784.25   7765.50   7761.12      64.30
2026-08-07   ROTATION_BREAK       SHORT 21:10    7763.00   7772.50   7756.75   7751.50      28.65
2026-08-10   DBL_BOTTOM_ABS       SHORT 17:20    7786.25   7790.75   7777.12   7751.50     -47.60
2026-08-10   DBL_BOTTOM_ABS       SHORT 17:50    7785.00   7797.25   7777.12   7763.50      83.05
2026-08-10   ROTATION_BREAK       SHORT 22:25    7776.00   7781.50   7771.75   7771.00      18.65
2026-08-11   ROTATION_BREAK       SHORT 18:05    7773.50   7786.50   7768.25   7740.50      23.65
2026-08-11   ROTATION_BREAK       SHORT 18:30    7765.00   7775.50   7759.75   7740.50      23.65
2026-08-11   DBL_BOTTOM_ABS       LONG  18:40    7767.25   7762.25   7768.50   7799.50       3.65
2026-08-11   ROTATION_BREAK       SHORT 19:20    7762.25   7770.25   7756.00   7740.50     137.40
2026-08-11   ROTATION_BREAK       SHORT 20:10    7748.75   7761.25   7744.50   7740.50      18.65
2026-08-13   ROTATION_BREAK       SHORT 18:25    7806.00   7820.75   7802.50   7798.50      14.90
2026-08-13   ROTATION_BREAK       LONG  22:05    7828.00   7817.75   7830.00   7836.00     -40.10
2026-08-13   DBL_BOTTOM_ABS       SHORT 22:25    7825.00   7829.00   7803.38   7798.50       4.90
2026-08-14   DBL_BOTTOM_ABS       LONG  21:00    7802.50   7796.25   7807.25   7808.00      21.15
2026-08-17   ROTATION_BREAK       SHORT 22:00    7773.75   7779.25   7770.50   7766.75      13.65
2026-08-18   ROTATION_BREAK       SHORT 20:55    7716.00   7725.75   7713.50   7707.50    -100.10
2026-08-18   ROTATION_BREAK       SHORT 22:50    7715.00   7723.00   7711.75   7706.25      -2.60
2026-08-20   DBL_BOTTOM_ABS       LONG  20:45    7685.25   7680.00   7700.00   7729.25     -55.10
2026-08-21   ROTATION_BREAK       LONG  18:35    7705.75   7689.25   7711.00   7714.50       skip
2026-08-24   ROTATION_BREAK       SHORT 18:00    7664.50   7675.75   7660.50   7655.00      17.40
2026-08-24   DBL_BOTTOM_ABS       LONG  18:20    7665.50   7657.25   7668.88   7693.50      14.30
2026-08-24   ROTATION_BREAK       LONG  19:00    7683.75   7670.75   7692.00   7694.00    -132.60
2026-08-25   DBL_BOTTOM_ABS       LONG  21:40    7688.75   7680.00   7694.62   7701.25      38.00
2026-08-26   DBL_BOTTOM_ABS       SHORT 17:10    7694.25   7702.25   7690.12   7671.00      18.05
2026-08-26   ROTATION_BREAK       SHORT 18:30    7684.75   7697.25   7677.50   7672.00      97.40
2026-08-26   ROTATION_BREAK       SHORT 19:35    7673.50   7686.75   7672.50   7672.00       2.40
2026-08-26   ROTATION_BREAK       LONG  21:45    7695.25   7686.75   7698.00   7701.50      42.40
2026-08-26   DBL_BOTTOM_ABS       SHORT 22:50    7694.00   7705.00   7690.12   7682.75     -65.10
2026-08-27   ROTATION_BREAK       LONG  19:30    7743.00   7734.50   7748.25   7755.00      83.65
2026-08-27   ROTATION_BREAK       SHORT 21:25    7726.00   7739.25   7723.00   7715.62      12.40
2026-08-28   DBL_BOTTOM_ABS       SHORT 18:05    7771.75   7782.75   7750.88   7678.00     348.00
2026-08-28   DBL_BOTTOM_ABS       LONG  20:10    7722.50   7711.50   7730.00   7760.25      -2.60
2026-08-28   DBL_BOTTOM_ABS       LONG  22:05    7722.75   7712.00   7730.00   7744.50      -5.10
2026-08-31   ROTATION_BREAK       SHORT 17:20    7677.75   7691.50   7670.75   7660.50    -140.10
2026-08-31   DBL_BOTTOM_ABS       LONG  17:35    7684.25   7674.50   7688.75   7715.25      19.90
2026-08-31   DBL_BOTTOM_ABS       LONG  18:20    7688.50   7674.50   7688.75   7700.75      -1.35
2026-08-31   DBL_BOTTOM_ABS       LONG  19:10    7685.00   7677.00   7688.75   7705.25      16.15
2026-08-31   DBL_BOTTOM_ABS       LONG  20:35    7686.00   7679.00   7688.75   7697.75      11.15
2026-08-31   DBL_BOTTOM_ABS       LONG  20:40    7690.50   7679.00   7693.38   7704.25      11.80
2026-08-31   ROTATION_BREAK       SHORT 21:30    7688.25   7696.50   7682.75   7682.50      53.65
2026-08-31   ROTATION_BREAK       SHORT 21:35    7682.25   7696.50   7679.25   7676.50    -145.10
2026-08-31   DBL_BOTTOM_ABS       LONG  21:50    7684.25   7677.75   7688.75   7714.50     102.40
2026-08-31   DBL_BOTTOM_ABS       LONG  22:20    7692.00   7677.75   7693.38   7704.25       4.30
2026-09-01   DBL_BOTTOM_ABS       SHORT 19:05    7665.75   7674.00   7645.25   7632.75     264.90
2026-09-01   ROTATION_BREAK       SHORT 21:25    7638.75   7648.25   7630.50   7624.00     112.40
2026-09-02   DBL_BOTTOM_ABS       SHORT 20:05    7673.00   7681.50   7650.25   7647.00     -87.60
2026-09-02   ROTATION_BREAK       LONG  20:40    7675.75   7669.75   7680.00   7680.50      18.65
2026-09-03   DBL_BOTTOM_ABS       SHORT 19:50    7754.25   7760.00   7715.38   7704.25     -60.10
2026-09-03   DBL_BOTTOM_ABS       SHORT 20:05    7750.00   7758.50   7715.38   7704.25     -87.60
2026-09-03   ROTATION_BREAK       LONG  20:50    7760.25   7752.00   7763.25   7768.75      12.40
2026-09-03   DBL_BOTTOM_ABS       SHORT 21:40    7761.75   7766.50   7715.38   7704.25      84.90
2026-09-04   ROTATION_BREAK       SHORT 17:40    7725.00   7739.25   7720.00   7718.25      56.15
2026-09-04   DBL_BOTTOM_ABS       LONG  18:05    7718.75   7712.00   7726.50   7758.25     -70.10
2026-09-04   DBL_BOTTOM_ABS       LONG  18:10    7721.25   7712.00   7726.50   7758.25     -95.10
2026-09-04   DBL_BOTTOM_ABS       LONG  18:40    7721.75   7710.00   7726.50   7745.50      21.15
2026-09-04   DBL_BOTTOM_ABS       LONG  19:10    7729.25   7710.00   7745.50   7751.00       skip
2026-09-04   DBL_BOTTOM_ABS       LONG  19:45    7734.00   7727.00   7745.50   7751.00     -72.60
2026-09-04   ROTATION_BREAK       SHORT 22:00    7719.00   7725.75   7713.50   7707.50     -70.10
2026-09-04   DBL_BOTTOM_ABS       LONG  22:25    7721.75   7717.25   7726.50   7745.50      21.15
2026-09-04   DBL_BOTTOM_ABS       LONG  22:50    7725.75   7717.25   7726.50   7745.50     -70.10
2026-09-07   ROTATION_BREAK       SHORT 17:00    7710.50   7715.50   7708.25   7704.25       8.65
2026-09-07   ROTATION_BREAK       SHORT 17:30    7707.00   7713.50   7704.25   7699.75      11.15
2026-09-07   DBL_BOTTOM_ABS       LONG  19:00    7708.00   7703.25   7709.75   7714.50       6.15
2026-09-07   DBL_BOTTOM_ABS       LONG  19:10    7709.00   7703.25   7709.75   7714.50       1.15
2026-09-07   DBL_BOTTOM_ABS       LONG  19:30    7708.75   7705.00   7709.75   7714.50       2.40
2026-09-08   DBL_BOTTOM_ABS       LONG  17:50    7696.75   7679.75   7703.12   7722.50       skip
2026-09-08   DBL_BOTTOM_ABS       LONG  20:00    7699.50   7685.50   7703.12   7717.75    -142.60
2026-09-08   DBL_BOTTOM_ABS       LONG  22:25    7690.50   7676.50   7696.75   7720.25    -142.60
2026-09-08   DBL_BOTTOM_ABS       LONG  22:30    7691.50   7676.50   7696.75   7716.75    -152.60
2026-09-09   DBL_BOTTOM_ABS       LONG  19:30    7641.00   7632.25   7651.00   7658.00      58.65
2026-09-09   DBL_BOTTOM_ABS       LONG  21:20    7649.75   7642.50   7651.00   7663.75       3.65
2026-09-09   DBL_BOTTOM_ABS       LONG  21:50    7652.50   7642.50   7657.88   7663.75    -102.60
2026-09-09   ROTATION_BREAK       SHORT 22:00    7646.75   7654.50   7639.75   7630.25      32.40
2026-09-09   DBL_BOTTOM_ABS       LONG  22:05    7650.75   7642.50   7651.00   7659.25      -1.35
2026-09-10   ROTATION_BREAK       SHORT 19:30    7594.25   7606.00   7588.25   7586.75    -120.10
2026-09-14   ROTATION_BREAK       LONG  19:15    7708.25   7693.75   7719.00   7731.50      51.15
2026-09-14   ROTATION_BREAK       LONG  19:45    7717.25   7697.50   7723.25   7736.00       skip
2026-09-14   DBL_BOTTOM_ABS       SHORT 21:55    7705.75   7710.25   7678.88   7673.00     147.40
2026-09-14   DBL_BOTTOM_ABS       SHORT 22:00    7703.75   7710.25   7678.88   7673.00     127.40
2026-09-15   DBL_BOTTOM_ABS       LONG  19:20    7658.75   7647.50   7678.62   7687.00      27.40
2026-09-15   ROTATION_BREAK       LONG  19:20    7658.75   7647.50   7667.75   7678.62      27.40
2026-09-15   DBL_BOTTOM_ABS       LONG  19:50    7662.00   7647.50   7678.62   7687.00      -5.10
2026-09-15   ROTATION_BREAK       LONG  19:50    7662.00   7654.75   7667.00   7678.62     -75.10
2026-09-15   ROTATION_BREAK       SHORT 20:00    7653.50   7663.00   7647.25   7646.25     -85.10
2026-09-15   DBL_BOTTOM_ABS       LONG  20:55    7655.50   7647.50   7657.25   7678.62       6.15
2026-09-15   DBL_BOTTOM_ABS       LONG  21:55    7657.25   7649.25   7678.62   7687.00     -82.60
2026-09-21   DBL_BOTTOM_ABS       SHORT 17:40    7787.75   7793.75   7766.62   7741.00     -62.60
2026-09-21   ROTATION_BREAK       LONG  18:35    7802.50   7791.00   7808.25   7829.50     161.15
2026-09-21   ROTATION_BREAK       LONG  19:05    7814.50   7802.50   7820.25   7829.50     101.15
2026-09-21   ROTATION_BREAK       LONG  21:20    7836.25   7826.75   7838.00   7843.50       6.15
2026-09-22   ROTATION_BREAK       SHORT 18:30    7826.50   7835.00   7822.25   7791.00     -87.60
2026-09-22   ROTATION_BREAK       SHORT 18:35    7824.00   7835.00   7815.75   7791.00    -112.60
2026-09-22   DBL_BOTTOM_ABS       LONG  19:05    7829.00   7822.25   7836.75   7840.75      94.90
2026-09-22   ROTATION_BREAK       LONG  19:45    7833.25   7822.75   7837.50   7840.75      18.65
2026-09-22   ROTATION_BREAK       LONG  20:50    7837.25   7827.00   7837.75   7840.75      -0.10
2026-09-22   ROTATION_BREAK       SHORT 22:55    7830.75   7846.75   7832.50   7823.75       skip
2026-09-23   DBL_BOTTOM_ABS       LONG  17:50    7798.50   7778.00   7812.88   7826.50       skip
2026-09-23   ROTATION_BREAK       SHORT 18:25    7785.00   7799.75   7776.50   7762.00     154.90
2026-09-23   ROTATION_BREAK       SHORT 19:40    7772.00   7782.00   7768.75   7762.00      63.65
2026-09-23   DBL_BOTTOM_ABS       LONG  20:15    7773.25   7758.75   7783.75   7812.88      49.90
2026-09-23   DBL_BOTTOM_ABS       LONG  20:40    7779.25   7758.75   7783.75   7812.88       skip
2026-09-23   ROTATION_BREAK       LONG  20:40    7779.25   7762.25   7785.50   7812.88       skip
2026-09-23   DBL_BOTTOM_ABS       LONG  20:55    7784.50   7758.75   7812.88   7826.50       skip
2026-09-24   DBL_BOTTOM_ABS       SHORT 20:40    7755.50   7783.75   7739.50   7730.00       skip
2026-09-24   ROTATION_BREAK       SHORT 21:00    7750.25   7770.75   7737.00   7730.00       skip
2026-09-24   DBL_BOTTOM_ABS       SHORT 22:00    7765.75   7778.00   7764.75   7739.50       2.40
2026-09-24   DBL_BOTTOM_ABS       SHORT 22:55    7765.25   7774.50   7764.75   7739.50      37.40
