START Thu Oct  8 02:01:44 IDT 2026 ·       68 sessions
t564ref2 done Thu Oct  8 02:37:47 IDT 2026 · json=      67
== 3.4.1 (live now) vs 3.4.0 (t564ref): the whole-day number of the 00:22 tree change
t564ref2 vs t564ref: 67 sessions · t564ref Σ+2621.75$ · t564ref2 Σ+2578.00$ · Δ -43.75$ gross, ≈-38.55$ net of -2 round-trips · better 1 / worse 1 / same 65
by month Δ: 2026-06 +0 (8d) · 2026-07 +0 (17d) · 2026-08 +26 (19d) · 2026-09 -70 (19d) · 2026-10 +0 (4d)
  2026-08-20 t564ref  +148.75 (5) → t564ref2  +175.00 (4)  Δ  +26.25
  2026-09-14 t564ref  +148.75 (6) → t564ref2   +78.75 (5)  Δ  -70.00
trades: added 0 (wins 0, Σ+0.00$) · removed 2 (Σ+43.75$) · the rest of Δ is changed exits/targets of the same trades
  - 2026-08-20  CEILING_FLIP_LONG LONG 7685.25 STOP -26.25
  - 2026-09-14  CEILING_FLIP_SHORT SHORT 7712.75 WIN +70.00
== T-564b permit-alone vs its true same-night reference (3.4.1)
t564b vs t564ref2: 67 sessions · t564ref2 Σ+2578.00$ · t564b Σ+2704.25$ · Δ +126.25$ gross, ≈+121.05$ net of +2 round-trips · better 3 / worse 0 / same 64
by month Δ: 2026-06 +0 (8d) · 2026-07 +24 (17d) · 2026-08 +34 (19d) · 2026-09 +69 (19d) · 2026-10 +0 (4d)
  2026-07-21 t564ref2   -13.75 (2) → t564b   +10.00 (2)  Δ  +23.75
  2026-08-19 t564ref2   -45.00 (4) → t564b   -11.25 (5)  Δ  +33.75
  2026-09-01 t564ref2  +221.20 (5) → t564b  +289.95 (6)  Δ  +68.75
trades: added 3 (wins 3, Σ+143.75$) · removed 1 (Σ+17.50$) · the rest of Δ is changed exits/targets of the same trades
  + 2026-07-21  INITIATIVE_SHORT SHORT 7549.5 WIN +41.25
  + 2026-08-19  INITIATIVE_SHORT SHORT 7744.5 WIN +33.75
  + 2026-09-01  INITIATIVE_SHORT SHORT 7652.25 WIN +68.75
  - 2026-07-21  DOUBLE_TOP_AA_SHORT SHORT 7544.75 WIN +17.50
== T-561 second slot vs 3.4.1
t561s2 vs t564ref2: 67 sessions · t564ref2 Σ+2578.00$ · t561s2 Σ+2909.25$ · Δ +331.25$ gross, ≈+315.65$ net of +6 round-trips · better 2 / worse 0 / same 65
by month Δ: 2026-06 +0 (8d) · 2026-07 +0 (17d) · 2026-08 +132 (19d) · 2026-09 +199 (19d) · 2026-10 +0 (4d)
  2026-08-03 t564ref2  +111.25 (5) → t561s2  +243.75 (8)  Δ +132.50
  2026-09-21 t564ref2  +230.00 (5) → t561s2  +428.75 (8)  Δ +198.75
trades: added 6 (wins 6, Σ+331.25$) · removed 0 (Σ+0.00$) · the rest of Δ is changed exits/targets of the same trades
  + 2026-08-03  GB100 LONG 7606.0 WIN +56.25
  + 2026-08-03  CONFLUENCE_RI_ZLR LONG 7616.75 WIN +60.00
  + 2026-08-03  INITIATIVE_LONG LONG 7625.25 WIN +16.25
  + 2026-09-21  CONFLUENCE_RI_ZLR LONG 7793.25 WIN +60.00
  + 2026-09-21  REACTIVE_LONG LONG 7804.75 WIN +68.75
  + 2026-09-21  GB100 LONG 7826.0 WIN +70.00
ALL DONE Thu Oct  8 02:37:50 IDT 2026
